Component: ARM Compiler 5.06 update 4 (build 422) Tool: armlink [4d35d2]

==============================================================================

Section Cross References

    boot_vectors.o(RESET) refers to boot_vectors.o(STACK) for __initial_sp
    boot_vectors.o(RESET) refers to boot_vectors.o(.text) for Reset_Handler
    boot_vectors.o(RESET) refers to rwble.o(.text) for BLE_WAKEUP_LP_Handler
    boot_vectors.o(RESET) refers to wkupct_quadec.o(.text) for WKUP_QUADEC_Handler
    boot_vectors.o(RESET) refers to uart2.o(.text) for UART2_Handler
    boot_vectors.o(RESET) refers to gpio.o(.text) for GPIO0_Handler
    boot_vectors.o(.text) refers to system_armcm0.o(.text) for SystemInit
    boot_vectors.o(.text) refers to entry.o(.ARM.Collect$$$$00000000) for __main
    boot_vectors.o(.text) refers to nmi_handler.o(.text) for NMI_HandlerC
    boot_vectors.o(.text) refers to hardfault_handler.o(.text) for HardFault_HandlerC
    boot_vectors.o(.text) refers to arch_patch.o(.text) for SVC_Handler_c
    nvds.o(.text) refers to nvds.o(retention_mem_area0) for retention_mem_area0
    arch_main.o(.text) refers to arch_system.o(.text) for system_init
    arch_main.o(.text) refers to rwip.o(.text) for rwip_sleep
    arch_main.o(.text) refers to jump_table.o(jump_table_mem_area) for jump_table_base
    arch_main.o(.text) refers to rwble.o(retention_mem_area0) for fine_hit
    arch_main.o(.constdata) refers to user_main.o(.text) for user_app_init
    jump_table.o(jump_table_mem_area) refers to arch_main.o(.text) for main_func
    jump_table.o(jump_table_mem_area) refers to rf_580.o(.text) for rf_init_func
    jump_table.o(jump_table_mem_area) refers to prf_utils.o(.text) for prf_init_func
    jump_table.o(jump_table_mem_area) refers to arch_system.o(.text) for uart_flow_off_func
    jump_table.o(jump_table_mem_area) refers to rwble.o(.text) for lld_sleep_compensate_func_patched
    jump_table.o(jump_table_mem_area) refers to jump_table.o(heap_mem_area_not_ret) for rwip_heap_non_ret
    jump_table.o(jump_table_mem_area) refers to jump_table.o(heap_env_area) for rwip_heap_env_ret
    jump_table.o(jump_table_mem_area) refers to jump_table.o(heap_db_area) for rwip_heap_db_ret
    jump_table.o(jump_table_mem_area) refers to jump_table.o(heap_msg_area) for rwip_heap_msg_ret
    jump_table.o(jump_table_mem_area) refers to ke_task.obj(.text) for ke_task_init_func
    jump_table.o(jump_table_mem_area) refers to nvds.o(.text) for custom_nvds_get_func
    jump_table.o(jump_table_mem_area) refers to jump_table.o(.constdata) for LUT_CFG
    arch_sleep.o(.text) refers to arch_sleep.o(retention_mem_area0) for retention_mem_area0
    arch_sleep.o(.text) refers to arch_sleep.o(.text) for arch_set_deep_sleep
    arch_sleep.o(.text) refers to arch_sleep.o(retention_mem_area0) for retention_mem_area0
    arch_sleep.o(.text) refers to arch_sleep.o(.text) for arch_get_sleep_mode
    arch_sleep.o(.text) refers to arch_sleep.o(.text) for arch_disable_sleep
    arch_sleep.o(.text) refers to arch_sleep.o(retention_mem_area0) for retention_mem_area0
    arch_sleep.o(.text) refers to arch_sleep.o(retention_mem_area0) for retention_mem_area0
    arch_sleep.o(.text) refers to arch_sleep.o(retention_mem_area0) for retention_mem_area0
    arch_sleep.o(.text) refers to rwble.o(retention_mem_area0) for arch_rwble_last_event
    arch_system.o(.text) refers to arch_system.o(retention_mem_area0) for retention_mem_area0
    arch_system.o(.text) refers to trng.o(.text) for trng_acquire
    arch_system.o(.text) refers to gpio.o(.text) for GPIO_init
    arch_system.o(.text) refers to nvds.o(.text) for nvds_read_bdaddr_from_otp
    arch_system.o(.text) refers to user_periph_setup.o(.text) for periph_init
    arch_system.o(.text) refers to rf_580.o(.text) for iq_trim_from_otp
    arch_system.o(.text) refers to arch_patch.o(.text) for patch_llm_task
    arch_system.o(.text) refers to llc.obj(.text) for patch_llc_task
    arch_system.o(.text) refers to atts_task.obj(.text) for patch_atts_task
    arch_system.o(.text) refers to gapc_task.obj(.text) for patch_gapc_task
    arch_system.o(.text) refers to arch_sleep.o(.text) for arch_disable_sleep
    arch_system.o(.text) refers to app.o(.text) for app_init
    arch_system.o(.text) refers to user_main.o(.text) for user_app_init
    arch_system.o(.text) refers to arch_system.o(retention_mem_area0) for retention_mem_area0
    arch_system.o(.text) refers to arch_main.o(retention_mem_area0) for sys_startup_flag
    arch_system.o(.text) refers to arch_system.o(.data) for .data
    arch_system.o(.constdata) refers to user_main.o(.text) for user_app_init
    arch_patch.o(.text) refers to arch_patch.o(.constdata) for .constdata
    arch_patch.o(.text) refers to jump_table.o(jump_table_mem_area) for jump_table_base
    arch_patch.o(.constdata) refers to atts_util.obj(.text) for atts_read_resp_patch
    arch_patch.o(.constdata) refers to arch_patch.o(.text) for llm_rom_default_handler
[...]
    ke_mem_is_empty                          0x000321d7   Thumb Code     0  rom_symdef.txt ABSOLUTE
    ke_malloc                                0x00032215   Thumb Code     0  rom_symdef.txt ABSOLUTE
    ke_free                                  0x000322d7   Thumb Code     0  rom_symdef.txt ABSOLUTE
    ke_msg_alloc                             0x000323b1   Thumb Code     0  rom_symdef.txt ABSOLUTE
    ke_msg_send                              0x000323e1   Thumb Code     0  rom_symdef.txt ABSOLUTE
    ke_msg_send_basic                        0x0003240d   Thumb Code     0  rom_symdef.txt ABSOLUTE
    ke_msg_forward                           0x0003241b   Thumb Code     0  rom_symdef.txt ABSOLUTE
    ke_msg_forward_new_id                    0x00032425   Thumb Code     0  rom_symdef.txt ABSOLUTE
    ke_msg_free                              0x00032435   Thumb Code     0  rom_symdef.txt ABSOLUTE
    ke_queue_extract                         0x00032441   Thumb Code     0  rom_symdef.txt ABSOLUTE
    ke_queue_insert                          0x0003247f   Thumb Code     0  rom_symdef.txt ABSOLUTE
    ke_handler_search                        0x000324bf   Thumb Code     0  rom_symdef.txt ABSOLUTE
    ke_task_init                             0x0003256d   Thumb Code     0  rom_symdef.txt ABSOLUTE
    ke_task_create                           0x00032587   Thumb Code     0  rom_symdef.txt ABSOLUTE
    ke_task_delete                           0x000325e1   Thumb Code     0  rom_symdef.txt ABSOLUTE
    ke_state_set                             0x00032631   Thumb Code     0  rom_symdef.txt ABSOLUTE
    ke_state_get                             0x000326b3   Thumb Code     0  rom_symdef.txt ABSOLUTE
    ke_msg_discard                           0x000326e3   Thumb Code     0  rom_symdef.txt ABSOLUTE
    ke_msg_save                              0x000326e7   Thumb Code     0  rom_symdef.txt ABSOLUTE
    ke_task_handler_get                      0x000326eb   Thumb Code     0  rom_symdef.txt ABSOLUTE
    ke_timer_init                            0x00032813   Thumb Code     0  rom_symdef.txt ABSOLUTE
    ke_timer_init_func                       0x00032819   Thumb Code     0  rom_symdef.txt ABSOLUTE
    ke_timer_set                             0x00032825   Thumb Code     0  rom_symdef.txt ABSOLUTE
    ke_timer_clear                           0x000328a5   Thumb Code     0  rom_symdef.txt ABSOLUTE
    ke_timer_active                          0x000328fb   Thumb Code     0  rom_symdef.txt ABSOLUTE
    ke_timer_sleep_check                     0x00032921   Thumb Code     0  rom_symdef.txt ABSOLUTE
    ke_time                                  0x0003297d   Thumb Code     0  rom_symdef.txt ABSOLUTE
    nvds_get                                 0x000329d1   Thumb Code     0  rom_symdef.txt ABSOLUTE
    nvds_get_func                            0x000329d7   Thumb Code     0  rom_symdef.txt ABSOLUTE
    nvds_init                                0x00032bcf   Thumb Code     0  rom_symdef.txt ABSOLUTE
    rwble_hl_init                            0x00032be5   Thumb Code     0  rom_symdef.txt ABSOLUTE
    rwble_hl_send_message                    0x00032c0b   Thumb Code     0  rom_symdef.txt ABSOLUTE
    ble_regs_push                            0x00032c0d   Thumb Code     0  rom_symdef.txt ABSOLUTE
    ble_regs_pop                             0x00032c65   Thumb Code     0  rom_symdef.txt ABSOLUTE
    rf_init                                  0x00032cbd   Thumb Code     0  rom_symdef.txt ABSOLUTE
    rf_reinit                                0x00032cc3   Thumb Code     0  rom_symdef.txt ABSOLUTE
    rwip_init                                0x00032ccb   Thumb Code     0  rom_symdef.txt ABSOLUTE
    rwip_reset                               0x00032d8d   Thumb Code     0  rom_symdef.txt ABSOLUTE
    rwip_version                             0x00032db9   Thumb Code     0  rom_symdef.txt ABSOLUTE
    rwip_prevent_sleep_get                   0x00032dc1   Thumb Code     0  rom_symdef.txt ABSOLUTE
    rwip_schedule                            0x00032dc9   Thumb Code     0  rom_symdef.txt ABSOLUTE
    rwip_prevent_sleep_set                   0x00032eb7   Thumb Code     0  rom_symdef.txt ABSOLUTE
    rwip_wakeup                              0x00032edb   Thumb Code     0  rom_symdef.txt ABSOLUTE
    rwip_prevent_sleep_clear                 0x00032eed   Thumb Code     0  rom_symdef.txt ABSOLUTE
    rwip_wakeup_end                          0x00032f11   Thumb Code     0  rom_symdef.txt ABSOLUTE
    rwip_wakeup_delay_set                    0x00032f2f   Thumb Code     0  rom_symdef.txt ABSOLUTE
    rwip_sleep_enable                        0x00032f3f   Thumb Code     0  rom_symdef.txt ABSOLUTE
    rwip_ext_wakeup_enable                   0x00032f47   Thumb Code     0  rom_symdef.txt ABSOLUTE
    rwble_init                               0x00032f71   Thumb Code     0  rom_symdef.txt ABSOLUTE
    rwble_reset                              0x00032fd5   Thumb Code     0  rom_symdef.txt ABSOLUTE
    rwble_version                            0x00033003   Thumb Code     0  rom_symdef.txt ABSOLUTE
    rwble_get_clock                          0x0003302d   Thumb Code     0  rom_symdef.txt ABSOLUTE
    $Super$$BLE_FINETGTIM_Handler            0x00033105   Thumb Code     0  rom_symdef.txt ABSOLUTE
    BLE_GROSSTGTIM_Handler                   0x0003310d   Thumb Code     0  rom_symdef.txt ABSOLUTE
    $Super$$BLE_CSCNT_Handler                0x00033115   Thumb Code     0  rom_symdef.txt ABSOLUTE
    BLE_ERROR_Handler                        0x0003318d   Thumb Code     0  rom_symdef.txt ABSOLUTE
    BLE_CRYPT_Handler                        0x000331ad   Thumb Code     0  rom_symdef.txt ABSOLUTE
    func_check_mem                           0x000331eb   Thumb Code     0  rom_symdef.txt ABSOLUTE
    test_rxdone                              0x0003323d   Thumb Code     0  rom_symdef.txt ABSOLUTE
    prf_create                               0x000339fd   Thumb Code     0  rom_symdef.txt ABSOLUTE
    prf_init                                 0x00033a23   Thumb Code     0  rom_symdef.txt ABSOLUTE
    prf_cleanup                              0x00033a2b   Thumb Code     0  rom_symdef.txt ABSOLUTE
    __aeabi_uidiv                            0x00033aa7   Thumb Code     0  rom_symdef.txt ABSOLUTE
    __aeabi_uidivmod                         0x00033aa7   Thumb Code     0  rom_symdef.txt ABSOLUTE
    __aeabi_idiv                             0x00033ad3   Thumb Code     0  rom_symdef.txt ABSOLUTE
    __aeabi_idivmod                          0x00033ad3   Thumb Code     0  rom_symdef.txt ABSOLUTE
    rand                                     0x00033afd   Thumb Code     0  rom_symdef.txt ABSOLUTE
    srand                                    0x00033b0f   Thumb Code     0  rom_symdef.txt ABSOLUTE
    __aeabi_memcpy                           0x00033b21   Thumb Code     0  rom_symdef.txt ABSOLUTE
    __aeabi_memcpy4                          0x00033b21   Thumb Code     0  rom_symdef.txt ABSOLUTE
    __aeabi_memcpy8                          0x00033b21   Thumb Code     0  rom_symdef.txt ABSOLUTE
    __aeabi_memset                           0x00033b45   Thumb Code     0  rom_symdef.txt ABSOLUTE
    __aeabi_memset4                          0x00033b45   Thumb Code     0  rom_symdef.txt ABSOLUTE
    __aeabi_memset8                          0x00033b45   Thumb Code     0  rom_symdef.txt ABSOLUTE
    __aeabi_memclr                           0x00033b53   Thumb Code     0  rom_symdef.txt ABSOLUTE
    __aeabi_memclr4                          0x00033b53   Thumb Code     0  rom_symdef.txt ABSOLUTE
    __aeabi_memclr8                          0x00033b53   Thumb Code     0  rom_symdef.txt ABSOLUTE
    _memset$wrapper                          0x00033b57   Thumb Code     0  rom_symdef.txt ABSOLUTE
    strlen                                   0x00033b69   Thumb Code     0  rom_symdef.txt ABSOLUTE
    memcmp                                   0x00033b77   Thumb Code     0  rom_symdef.txt ABSOLUTE
    __aeabi_dmul                             0x00033b91   Thumb Code     0  rom_symdef.txt ABSOLUTE
    __aeabi_i2d                              0x00033c61   Thumb Code     0  rom_symdef.txt ABSOLUTE
    __aeabi_ui2d                             0x00033c89   Thumb Code     0  rom_symdef.txt ABSOLUTE
    __aeabi_cdcmpeq                          0x00033ca5   Thumb Code     0  rom_symdef.txt ABSOLUTE
    __aeabi_cdcmple                          0x00033ca5   Thumb Code     0  rom_symdef.txt ABSOLUTE
    __I$use$fp                               0x00033ccd   Thumb Code     0  rom_symdef.txt ABSOLUTE
    _double_round                            0x00033ccd   Thumb Code     0  rom_symdef.txt ABSOLUTE
    _double_epilogue                         0x00033ce7   Thumb Code     0  rom_symdef.txt ABSOLUTE
    __aeabi_llsl                             0x00033d8d   Thumb Code     0  rom_symdef.txt ABSOLUTE
    _ll_shift_l                              0x00033d8d   Thumb Code     0  rom_symdef.txt ABSOLUTE
    __aeabi_llsr                             0x00033dad   Thumb Code     0  rom_symdef.txt ABSOLUTE
    _ll_ushift_r                             0x00033dad   Thumb Code     0  rom_symdef.txt ABSOLUTE
    __ARM_clz                                0x00033dcf   Thumb Code     0  rom_symdef.txt ABSOLUTE
    __ARM_common_switch8                     0x00033dfd   Thumb Code     0  rom_symdef.txt ABSOLUTE
    uart_api                                 0x00033e18   Data           0  rom_symdef.txt ABSOLUTE
    co_sca2ppm                               0x00033e28   Data           0  rom_symdef.txt ABSOLUTE
    co_null_bdaddr                           0x00033e38   Data           0  rom_symdef.txt ABSOLUTE
    co_default_bdaddr                        0x00033e3e   Data           0  rom_symdef.txt ABSOLUTE
    dbg_default_handler                      0x00033f14   Data           0  rom_symdef.txt ABSOLUTE
    llc_default_state                        0x00033fac   Data           0  rom_symdef.txt ABSOLUTE
    llc_state_handler                        0x000340dc   Data           0  rom_symdef.txt ABSOLUTE
    llc_default_handler                      0x0003418c   Data           0  rom_symdef.txt ABSOLUTE
    llm_local_cmds                           0x000341bc   Data           0  rom_symdef.txt ABSOLUTE
    llm_local_le_feats                       0x000341fc   Data           0  rom_symdef.txt ABSOLUTE
    llm_local_le_states                      0x00034204   Data           0  rom_symdef.txt ABSOLUTE
    llm_default_state                        0x00034224   Data           0  rom_symdef.txt ABSOLUTE
    llm_state_handler                        0x00034354   Data           0  rom_symdef.txt ABSOLUTE
    llm_default_handler                      0x00034384   Data           0  rom_symdef.txt ABSOLUTE
    LLM_AA_CT1                               0x0003438c   Data           0  rom_symdef.txt ABSOLUTE
    LLM_AA_CT2                               0x0003438f   Data           0  rom_symdef.txt ABSOLUTE
    gtl_default_state                        0x000343a4   Data           0  rom_symdef.txt ABSOLUTE
    gtl_default_handler                      0x000343bc   Data           0  rom_symdef.txt ABSOLUTE
    attc_default_state                       0x000343d8   Data           0  rom_symdef.txt ABSOLUTE
    attc_state_handler                       0x000343f8   Data           0  rom_symdef.txt ABSOLUTE
    attc_default_handler                     0x00034410   Data           0  rom_symdef.txt ABSOLUTE
    attm_default_state                       0x00034428   Data           0  rom_symdef.txt ABSOLUTE
    attm_state_handler                       0x00034480   Data           0  rom_symdef.txt ABSOLUTE
    attm_default_handler                     0x00034488   Data           0  rom_symdef.txt ABSOLUTE
    atts_default_state                       0x000344a0   Data           0  rom_symdef.txt ABSOLUTE
    atts_state_handler                       0x000344d0   Data           0  rom_symdef.txt ABSOLUTE
    atts_default_handler                     0x000344f8   Data           0  rom_symdef.txt ABSOLUTE
    gattc_default_state                      0x00034510   Data           0  rom_symdef.txt ABSOLUTE
    gattc_state_handler                      0x00034598   Data           0  rom_symdef.txt ABSOLUTE
    gattc_default_handler                    0x000345b0   Data           0  rom_symdef.txt ABSOLUTE
    gattm_default_state                      0x00034604   Data           0  rom_symdef.txt ABSOLUTE
    gattm_state_handler                      0x00034614   Data           0  rom_symdef.txt ABSOLUTE
    gattm_default_handler                    0x00034624   Data           0  rom_symdef.txt ABSOLUTE
    l2cc_default_state                       0x0003463c   Data           0  rom_symdef.txt ABSOLUTE
    l2cc_state_handler                       0x00034654   Data           0  rom_symdef.txt ABSOLUTE
    l2cc_default_handler                     0x0003466c   Data           0  rom_symdef.txt ABSOLUTE
    l2cm_default_state                       0x00034684   Data           0  rom_symdef.txt ABSOLUTE
    l2cm_state_handler                       0x0003468c   Data           0  rom_symdef.txt ABSOLUTE
    l2cm_default_handler                     0x00034694   Data           0  rom_symdef.txt ABSOLUTE
    smpc_default_state                       0x000346c8   Data           0  rom_symdef.txt ABSOLUTE
    smpc_state_handler                       0x00034760   Data           0  rom_symdef.txt ABSOLUTE
    smpc_default_handler                     0x00034780   Data           0  rom_symdef.txt ABSOLUTE
    smpm_default_state                       0x00034798   Data           0  rom_symdef.txt ABSOLUTE
    smpm_state_handler                       0x000347d0   Data           0  rom_symdef.txt ABSOLUTE
    smpm_default_handler                     0x000347e0   Data           0  rom_symdef.txt ABSOLUTE
    gapc_default_state                       0x000347f8   Data           0  rom_symdef.txt ABSOLUTE
    gapc_state_handler                       0x00034910   Data           0  rom_symdef.txt ABSOLUTE
    gapc_default_handler                     0x00034928   Data           0  rom_symdef.txt ABSOLUTE
    gapm_default_state                       0x000349ec   Data           0  rom_symdef.txt ABSOLUTE
    gapm_state_handler                       0x00034b94   Data           0  rom_symdef.txt ABSOLUTE
    gapm_default_handler                     0x00034bbc   Data           0  rom_symdef.txt ABSOLUTE
    smpc_construct_pdu                       0x00034ce8   Data           0  rom_symdef.txt ABSOLUTE
    smpc_recv_pdu                            0x00034d18   Data           0  rom_symdef.txt ABSOLUTE
    dummy                                    0x00080000   Data           0  rom_symdef.txt ABSOLUTE
    sleep_env                                0x00080254   Data           0  rom_symdef.txt ABSOLUTE
    iq_trim_bias_ctrl1_reg                   0x00080256   Data           0  rom_symdef.txt ABSOLUTE
    co_buf_env                               0x00080258   Data           0  rom_symdef.txt ABSOLUTE
    dbg_state                                0x00080348   Data           0  rom_symdef.txt ABSOLUTE
    iq_trim_rf_mixer_ctrl1_reg               0x0008034a   Data           0  rom_symdef.txt ABSOLUTE
    llc_env                                  0x0008034c   Data           0  rom_symdef.txt ABSOLUTE
    llc_state                                0x00080364   Data           0  rom_symdef.txt ABSOLUTE
    ret_winsize_var                          0x0008036a   Data           0  rom_symdef.txt ABSOLUTE
    lld_evt_env                              0x0008036c   Data           0  rom_symdef.txt ABSOLUTE
    lld_sleep_env                            0x0008038c   Data           0  rom_symdef.txt ABSOLUTE
    llm_le_env                               0x00080390   Data           0  rom_symdef.txt ABSOLUTE
    llm_le_env_lpus                          0x000803e4   Data           0  rom_symdef.txt ABSOLUTE
    llm_bt_env                               0x0008042a   Data           0  rom_symdef.txt ABSOLUTE
    llm_state                                0x00080432   Data           0  rom_symdef.txt ABSOLUTE
    uart_env                                 0x00080434   Data           0  rom_symdef.txt ABSOLUTE
    vcocal_ctrl_reg_val                      0x00080452   Data           0  rom_symdef.txt ABSOLUTE
    last_temp_count                          0x00080478   Data           0  rom_symdef.txt ABSOLUTE
    last_temp_time                           0x0008047c   Data           0  rom_symdef.txt ABSOLUTE
    gtl_env                                  0x00080480   Data           0  rom_symdef.txt ABSOLUTE
    gtl_state                                0x000804a4   Data           0  rom_symdef.txt ABSOLUTE
    attc_state                               0x000804a5   Data           0  rom_symdef.txt ABSOLUTE
    attm_env                                 0x000804ac   Data           0  rom_symdef.txt ABSOLUTE
    attm_state                               0x000804b4   Data           0  rom_symdef.txt ABSOLUTE
    atts_env                                 0x000804b8   Data           0  rom_symdef.txt ABSOLUTE
    atts_state                               0x000804d0   Data           0  rom_symdef.txt ABSOLUTE
    gattc_env                                0x000804d8   Data           0  rom_symdef.txt ABSOLUTE
    gattc_state                              0x000804f0   Data           0  rom_symdef.txt ABSOLUTE
    gattm_env                                0x000804f6   Data           0  rom_symdef.txt ABSOLUTE
    gattm_state                              0x000804fc   Data           0  rom_symdef.txt ABSOLUTE
    l2cc_env                                 0x00080500   Data           0  rom_symdef.txt ABSOLUTE
    l2cc_state                               0x00080518   Data           0  rom_symdef.txt ABSOLUTE
    l2cm_env                                 0x0008051e   Data           0  rom_symdef.txt ABSOLUTE
    l2cm_state                               0x00080524   Data           0  rom_symdef.txt ABSOLUTE
    smpc_env                                 0x00080528   Data           0  rom_symdef.txt ABSOLUTE
    smpc_state                               0x00080540   Data           0  rom_symdef.txt ABSOLUTE
    smpm_env                                 0x00080548   Data           0  rom_symdef.txt ABSOLUTE
    smpm_state                               0x00080550   Data           0  rom_symdef.txt ABSOLUTE
    gapc_env                                 0x00080554   Data           0  rom_symdef.txt ABSOLUTE
    gapc_state                               0x0008056c   Data           0  rom_symdef.txt ABSOLUTE
    gap_cfg_table                            0x00080574   Data           0  rom_symdef.txt ABSOLUTE
    gapm_env                                 0x00080578   Data           0  rom_symdef.txt ABSOLUTE
    gapm_state                               0x000805a4   Data           0  rom_symdef.txt ABSOLUTE
    ke_env                                   0x000805a8   Data           0  rom_symdef.txt ABSOLUTE
    ke_task_env                              0x00080604   Data           0  rom_symdef.txt ABSOLUTE
    nvds_data_ptr                            0x000806c0   Data           0  rom_symdef.txt ABSOLUTE
    func_check_mem_flag                      0x000806c4   Data           0  rom_symdef.txt ABSOLUTE
    ke_mem_heaps_used                        0x000806c5   Data           0  rom_symdef.txt ABSOLUTE
    rwip_env                                 0x000806c6   Data           0  rom_symdef.txt ABSOLUTE
    ble_reg_save                             0x000806cc   Data           0  rom_symdef.txt ABSOLUTE
    rwip_rf                                  0x0008071c   Data           0  rom_symdef.txt ABSOLUTE
    rwip_heap_db_ret                         0x00080768   Data        1036  jump_table.o(heap_db_area)
    rwip_heap_env_ret                        0x00080b74   Data         340  jump_table.o(heap_env_area)
    rwip_heap_msg_ret                        0x00080cc8   Data        1324  jump_table.o(heap_msg_area)
    descript                                 0x00082a20   Data        1502  arch_main.o(BLE_exchange_memory)
    __Vectors                                0x20000000   Data           4  boot_vectors.o(RESET)
    __Vectors_End                            0x200000a0   Data           0  boot_vectors.o(RESET)
    jump_table_base                          0x20000160   Data         352  jump_table.o(jump_table_mem_area)
    gap_timeout_table                        0x200002c0   Data         100  gapm.o(timeout_table_area)
    nvds_data_storage                        0x20000340   Data         164  nvds.o(nvds_data_storage_area)
    __main                                   0x20000441   Thumb Code     0  entry.o(.ARM.Collect$$$$00000000)
    _main_stk                                0x20000441   Thumb Code     0  entry2.o(.ARM.Collect$$$$00000001)
    _main_scatterload                        0x20000445   Thumb Code     0  entry5.o(.ARM.Collect$$$$00000004)
    __main_after_scatterload                 0x20000449   Thumb Code     0  entry5.o(.ARM.Collect$$$$00000004)
    _main_clock                              0x20000449   Thumb Code     0  entry7b.o(.ARM.Collect$$$$00000008)
    _main_cpp_init                           0x20000449   Thumb Code     0  entry8b.o(.ARM.Collect$$$$0000000A)
    _main_init                               0x20000449   Thumb Code     0  entry9a.o(.ARM.Collect$$$$0000000B)
    __rt_final_cpp                           0x20000451   Thumb Code     0  entry10a.o(.ARM.Collect$$$$0000000D)
    __rt_final_exit                          0x20000451   Thumb Code     0  entry11a.o(.ARM.Collect$$$$0000000F)
    SystemInit                               0x20000455   Thumb Code    62  system_armcm0.o(.text)
    Reset_Handler                            0x200004a5   Thumb Code     8  boot_vectors.o(.text)
    PendSV_Handler                           0x200004f5   Thumb Code     2  boot_vectors.o(.text)
    SysTick_Handler                          0x200004f7   Thumb Code     2  boot_vectors.o(.text)
    ADC_Handler                              0x200004f9   Thumb Code     0  boot_vectors.o(.text)
    I2C_Handler                              0x200004f9   Thumb Code     0  boot_vectors.o(.text)
    KEYBRD_Handler                           0x200004f9   Thumb Code     0  boot_vectors.o(.text)
    RFCAL_Handler                            0x200004f9   Thumb Code     0  boot_vectors.o(.text)
    SPI_Handler                              0x200004f9   Thumb Code     0  boot_vectors.o(.text)
    SWTIM_Handler                            0x200004f9   Thumb Code     0  boot_vectors.o(.text)
    HardFault_HandlerC                       0x20000511   Thumb Code    92  hardfault_handler.o(.text)
    NMI_HandlerC                             0x20000579   Thumb Code   140  nmi_handler.o(.text)
    custom_nvds_get_func                     0x20000615   Thumb Code   106  nvds.o(.text)
    nvds_read_bdaddr_from_otp                0x2000067f   Thumb Code    50  nvds.o(.text)
    main_func                                0x200006cd   Thumb Code   156  arch_main.o(.text)
    dummyf                                   0x200008a5   Thumb Code     2  jump_table.o(.text)
    arch_disable_sleep                       0x200008a9   Thumb Code    26  arch_sleep.o(.text)
    arch_set_extended_sleep                  0x200008c3   Thumb Code    26  arch_sleep.o(.text)
    arch_set_deep_sleep                      0x200008dd   Thumb Code    30  arch_sleep.o(.text)
    arch_set_sleep_mode                      0x200008fb   Thumb Code    20  arch_sleep.o(.text)
    arch_ble_ext_wakeup_get                  0x2000090f   Thumb Code     6  arch_sleep.o(.text)
    arch_ble_force_wakeup                    0x20000915   Thumb Code    46  arch_sleep.o(.text)
    set_sleep_delay                          0x20000a19   Thumb Code    10  arch_system.o(.text)
    get_rc16m_count_func                     0x20000a23   Thumb Code    28  arch_system.o(.text)
    conditionally_run_radio_cals             0x20000a3f   Thumb Code   110  arch_system.o(.text)
    lld_sleep_us_2_lpcycles_sel_func         0x20000aad   Thumb Code    10  arch_system.o(.text)
    lld_sleep_lpcycles_2_us_sel_func         0x20000ab7   Thumb Code    10  arch_system.o(.text)
    uart_flow_off_func                       0x20000ac1   Thumb Code    58  arch_system.o(.text)
    init_rand_seed_from_trng                 0x20000afb   Thumb Code    16  arch_system.o(.text)
    check_sys_startup_period                 0x20000b0b   Thumb Code    46  arch_system.o(.text)
    app_use_lower_clocks_check               0x20000b39   Thumb Code     4  arch_system.o(.text)
    lld_sleep_init_func                      0x20000b3d   Thumb Code    26  arch_system.o(.text)
    system_init                              0x20000b57   Thumb Code   198  arch_system.o(.text)
    wrap_platform_reset                      0x20000c1d   Thumb Code    16  arch_system.o(.text)
    patch_llm_task                           0x20000d23   Thumb Code    36  arch_patch.o(.text)
    gapc_con_create_patch                    0x20000d5d   Thumb Code   196  arch_patch.o(.text)
    SVC_Handler_c                            0x20000e21   Thumb Code    24  arch_patch.o(.text)
    patch_func                               0x20000e39   Thumb Code    44  arch_patch.o(.text)
    patch_atts_task                          0x20000f7b   Thumb Code    36  atts_task.obj(.text)
    dg_atts_read_cfm                         0x20000fb1   Thumb Code    82  atts_util.obj(.text)
    atts_read_resp_patch                     0x20001003   Thumb Code   102  atts_util.obj(.text)
    my_llc_con_update_req_ind                0x20001071   Thumb Code   100  ch_map.obj(.text)
    my_llc_ch_map_req_ind                    0x200010d5   Thumb Code    84  ch_map.obj(.text)
    patched_gapm_adv_op_sanity               0x20001135   Thumb Code   208  gapm_util.obj(.text)
    ke_task_init_func                        0x20001361   Thumb Code    20  ke_task.obj(.text)
    my_smpc_check_param                      0x20001385   Thumb Code   122  smpc.obj(.text)
    smpc_send_pairing_req_ind                0x200013ff   Thumb Code   190  smpc.obj(.text)
    smpc_check_pairing_feat                  0x200014bd   Thumb Code    26  smpc.obj(.text)
    smpc_pairing_cfm_handler                 0x200014e1   Thumb Code   528  smpc_task.obj(.text)
    my_llc_enc_rsp_pdu_send                  0x200016f5   Thumb Code   164  llc.obj(.text)
    my_llc_enc_req_ind                       0x20001799   Thumb Code   164  llc.obj(.text)
    my_llcp_con_up_req_handler               0x200018e7   Thumb Code    86  llc.obj(.text)
    my_llc_start_enc_rsp_ind                 0x200019f1   Thumb Code   158  llc.obj(.text)
    patch_llc_task                           0x20001b99   Thumb Code    36  llc.obj(.text)
    patch_gapc_task                          0x20001ceb   Thumb Code    38  gapc_task.obj(.text)
    patched_llc_con_update_ind               0x20001d29   Thumb Code   134  llc_con_update_ind.obj(.text)
    syscntl_use_lowest_amba_clocks           0x20001db9   Thumb Code    22  syscntl.o(.text)
    syscntl_use_highest_amba_clocks          0x20001dcf   Thumb Code    22  syscntl.o(.text)
    GPIO_init                                0x20001de5   Thumb Code   140  gpio.o(.text)
    GPIO_SetPinFunction                      0x20001e71   Thumb Code    66  gpio.o(.text)
    GPIO_SetInactive                         0x20001eb3   Thumb Code    60  gpio.o(.text)
    GPIO_SetActive                           0x20001eef   Thumb Code    60  gpio.o(.text)
    GPIO_ConfigurePin                        0x20001f2b   Thumb Code    80  gpio.o(.text)
    GPIO_ResetIRQ                            0x20001f7b   Thumb Code    32  gpio.o(.text)
    GPIOn_Handler                            0x20001f9b   Thumb Code    50  gpio.o(.text)
    GPIO0_Handler                            0x20001fcd   Thumb Code     4  gpio.o(.text)
    GPIO1_Handler                            0x20001fd1   Thumb Code     4  gpio.o(.text)
    GPIO2_Handler                            0x20001fd5   Thumb Code     4  gpio.o(.text)
    GPIO3_Handler                            0x20001fd9   Thumb Code     4  gpio.o(.text)
    GPIO4_Handler                            0x20001fdd   Thumb Code     4  gpio.o(.text)
    WKUP_QUADEC_Handler                      0x20002015   Thumb Code   106  wkupct_quadec.o(.text)
    adc_init                                 0x2000208d   Thumb Code    28  adc.o(.text)
    adc_enable_channel                       0x200020a9   Thumb Code    20  adc.o(.text)
    adc_get_sample                           0x200020bd   Thumb Code    30  adc.o(.text)
    adc_usDelay                              0x200020db   Thumb Code    30  adc.o(.text)
    adc_get_vbat_sample                      0x200020f9   Thumb Code    86  adc.o(.text)
    rfpt_init                                0x2000215d   Thumb Code    76  trng.o(.text)
    trng_init                                0x200021a9   Thumb Code    96  trng.o(.text)
    trng_get_raw_data                        0x20002209   Thumb Code    18  trng.o(.text)
    trng_acquire                             0x2000221b   Thumb Code   222  trng.o(.text)
    spi_cs_low                               0x20002319   Thumb Code    14  spi.o(.text)
    spi_cs_high                              0x20002327   Thumb Code    14  spi.o(.text)
    spi_init                                 0x20002335   Thumb Code   138  spi.o(.text)
    spi_set_bitmode                          0x200023bf   Thumb Code    34  spi.o(.text)
    spi_access                               0x200023e1   Thumb Code    46  spi.o(.text)
    UART2_Handler                            0x2000245f   Thumb Code    82  uart2.o(.text)
    iq_trim_from_otp                         0x200024f5   Thumb Code    54  rf_580.o(.text)
    rf_reg_rd                                0x2000252b   Thumb Code     4  rf_580.o(.text)
    rf_reg_wr                                0x2000252f   Thumb Code     2  rf_580.o(.text)
    rf_reset                                 0x20002531   Thumb Code     2  rf_580.o(.text)
    rf_force_agc_enable                      0x20002533   Thumb Code     2  rf_580.o(.text)
    rf_txpwr_dbm_get                         0x20002535   Thumb Code     4  rf_580.o(.text)
    rf_regs                                  0x20002549   Thumb Code   226  rf_580.o(.text)
    rf_init_func                             0x2000262f   Thumb Code   138  rf_580.o(.text)
    rf_reinit_func                           0x200026b9   Thumb Code   110  rf_580.o(.text)
    rf_nfm_is_enabled                        0x20002727   Thumb Code     6  rf_580.o(.text)
    rf_nfm_enable                            0x2000272d   Thumb Code    14  rf_580.o(.text)
    lld_sleep_compensate_func_patched        0x200027ed   Thumb Code    66  rwble.o(.text)
    skip_slave_latency_patch                 0x2000282f   Thumb Code   302  rwble.o(.text)
    power_up                                 0x2000295d   Thumb Code    76  rwble.o(.text)
    BLE_WAKEUP_LP_Handler                    0x200029a9   Thumb Code    98  rwble.o(.text)
    BLE_SLP_Handler                          0x20002a0b   Thumb Code   106  rwble.o(.text)
    BLE_CSCNT_Handler                        0x20002a75   Thumb Code    18  rwble.o(.text)
    BLE_FINETGTIM_Handler                    0x20002a87   Thumb Code    18  rwble.o(.text)
    BLE_RX_Handler                           0x20002a99   Thumb Code    14  rwble.o(.text)
    BLE_EVENT_Handler                        0x20002aa7   Thumb Code    64  rwble.o(.text)
    BLE_RF_DIAG_Handler                      0x20002ae7   Thumb Code    82  rwble.o(.text)
    rwip_sleep                               0x20002b8d   Thumb Code   386  rwip.o(.text)
    attm_svc_create_db_128                   0x20002d35   Thumb Code   274  attm_db_128.o(.text)
    prf_server_error_ind_send                0x20002e4d   Thumb Code    44  prf_utils.o(.text)
    prf_server_send_event                    0x20002e79   Thumb Code    42  prf_utils.o(.text)
    prf_init_func                            0x20002ea3   Thumb Code    86  prf_utils.o(.text)
    prf_cleanup_func                         0x20002ef9   Thumb Code    44  prf_utils.o(.text)
    custs1_init                              0x20002f31   Thumb Code    28  custs1.o(.text)
    custs1_disable                           0x20002f4d   Thumb Code    42  custs1.o(.text)
    check_client_char_cfg                    0x20003301   Thumb Code    42  custom_common.o(.text)
    get_value_handle                         0x2000332b   Thumb Code    62  custom_common.o(.text)
    get_cfg_handle                           0x20003369   Thumb Code    68  custom_common.o(.text)
    default_app_on_init                      0x200033b1   Thumb Code    14  app_default_handlers.o(.text)
    default_app_on_connection                0x200033bf   Thumb Code    30  app_default_handlers.o(.text)
    default_app_on_set_dev_config_complete   0x200033dd   Thumb Code    16  app_default_handlers.o(.text)
    default_app_on_db_init_complete          0x200033ed   Thumb Code     8  app_default_handlers.o(.text)
    app_prf_enable                           0x20003419   Thumb Code   136  app.o(.text)
    app_easy_gap_advertise_stop              0x200036f3   Thumb Code    26  app.o(.text)
    app_init                                 0x2000370d   Thumb Code    56  app.o(.text)
    app_easy_gap_confirm                     0x20003745   Thumb Code    36  app.o(.text)
    app_easy_gap_undirected_advertise_get_active 0x20003769   Thumb Code     2  app.o(.text)
    app_easy_gap_undirected_advertise_start  0x2000376b   Thumb Code    26  app.o(.text)
    app_easy_gap_param_update_start          0x20003785   Thumb Code    32  app.o(.text)
    app_db_init_start                        0x200037a5   Thumb Code    16  app.o(.text)
    app_db_init                              0x200037b5   Thumb Code     2  app.o(.text)
    app_easy_gap_dev_configure               0x200037b7   Thumb Code    18  app.o(.text)
    get_user_prf_srv_perm                    0x200037c9   Thumb Code    56  app.o(.text)
    prf_init_srv_perm                        0x20003801   Thumb Code    28  app.o(.text)
    app_gap_process_handler                  0x200039a1   Thumb Code    26  app_task.o(.text)
    app_entry_point_handler                  0x200039c9   Thumb Code    62  app_entry_point.o(.text)
    app_std_process_event                    0x20003a07   Thumb Code    64  app_entry_point.o(.text)
    app_check_BLE_active                     0x20003a51   Thumb Code    38  app_msg_utils.o(.text)
    app_timer_api_process_handler            0x20003ab7   Thumb Code   172  app_easy_timer.o(.text)
    app_easy_timer                           0x20003b63   Thumb Code    66  app_easy_timer.o(.text)
    app_easy_timer_cancel                    0x20003ba5   Thumb Code    76  app_easy_timer.o(.text)
    app_custs1_create_db                     0x20003c5d   Thumb Code    64  app_customs.o(.text)
    app_custs1_enable                        0x20003c9d   Thumb Code    36  app_customs.o(.text)
    app_custs1_process_handler               0x20003cf3   Thumb Code    24  app_customs_task.o(.text)
    GPIO_reservations                        0x20003d11   Thumb Code   180  user_periph_setup.o(.text)
    set_pad_functions                        0x20003dc5   Thumb Code    22  user_periph_setup.o(.text)
    periph_init                              0x20003ddb   Thumb Code   154  user_periph_setup.o(.text)
    write_register                           0x20003e85   Thumb Code    38  spi_adxl.o(.text)
    adxl_init                                0x20003eab   Thumb Code   118  spi_adxl.o(.text)
    read_register                            0x20003f21   Thumb Code    46  spi_adxl.o(.text)
    read_accel                               0x20003f4f   Thumb Code     2  spi_adxl.o(.text)
    app_ecg_val_timer_cb_handler             0x20003f51   Thumb Code    94  user_custs1_impl.o(.text)
    app_adxl_val_timer_cb_handler            0x20003faf   Thumb Code   110  user_custs1_impl.o(.text)
    user_custs1_ctrl_wr_ind_handler          0x2000401d   Thumb Code    42  user_custs1_impl.o(.text)
    user_custs1_adxl_val_cfg_ind_handler     0x20004047   Thumb Code     2  user_custs1_impl.o(.text)
    user_adc_init                            0x20004075   Thumb Code    22  user_main.o(.text)
    user_app_init                            0x2000408b   Thumb Code    58  user_main.o(.text)
    user_app_adv_start                       0x200040c5   Thumb Code   128  user_main.o(.text)
    user_app_connection                      0x20004145   Thumb Code    78  user_main.o(.text)
    user_app_adv_undirect_complete           0x20004193   Thumb Code     8  user_main.o(.text)
    user_app_disconnect                      0x2000419b   Thumb Code    42  user_main.o(.text)
    user_catch_rest_hndl                     0x200041c5   Thumb Code    44  user_main.o(.text)
    __scatterload                            0x20004211   Thumb Code    28  init.o(.text)
    __scatterload_rt2                        0x20004211   Thumb Code     0  init.o(.text)
    Long Thumb to Thumb Veneer to memcmp     0x20004235   Thumb Code    12  anon$$obj.o(Veneer$$Code)
    Long Thumb to Thumb Veneer to __aeabi_memcpy 0x20004241   Thumb Code    12  anon$$obj.o(Veneer$$Code)
    Long Thumb to Thumb Veneer to nvds_get_func 0x2000424d   Thumb Code    12  anon$$obj.o(Veneer$$Code)
    Long Thumb to Thumb Veneer to lld_sleep_check 0x20004259   Thumb Code    12  anon$$obj.o(Veneer$$Code)
    Long Thumb to Thumb Veneer to rwip_prevent_sleep_get 0x20004265   Thumb Code    12  anon$$obj.o(Veneer$$Code)
    Long Thumb to Thumb Veneer to ke_event_get 0x20004271   Thumb Code    12  anon$$obj.o(Veneer$$Code)
    Long Thumb to Thumb Veneer to rwip_schedule 0x2000427d   Thumb Code    12  anon$$obj.o(Veneer$$Code)
    Long Thumb to Thumb Veneer to func_check_mem 0x20004289   Thumb Code    12  anon$$obj.o(Veneer$$Code)
    Long Thumb to Thumb Veneer to test_rxdone 0x20004295   Thumb Code    12  anon$$obj.o(Veneer$$Code)
    Long Thumb to Thumb Veneer to ke_mem_is_empty 0x200042a1   Thumb Code    12  anon$$obj.o(Veneer$$Code)
    Long Thumb to Thumb Veneer to rwip_wakeup_delay_set 0x200042ad   Thumb Code    12  anon$$obj.o(Veneer$$Code)
    Long Thumb to Thumb Veneer to $Super$$get_rc16m_count_func 0x200042b9   Thumb Code    12  anon$$obj.o(Veneer$$Code)
    Long Thumb to Thumb Veneer to get_rc16m_count 0x200042c5   Thumb Code    12  anon$$obj.o(Veneer$$Code)
    Long Thumb to Thumb Veneer to pll_vcocal_LUT_InitUpdate 0x200042d1   Thumb Code    12  anon$$obj.o(Veneer$$Code)
    Long Thumb to Thumb Veneer to rf_calibration 0x200042dd   Thumb Code    12  anon$$obj.o(Veneer$$Code)
    Long Thumb to Thumb Veneer to lld_sleep_us_2_lpcycles_func 0x200042e9   Thumb Code    12  anon$$obj.o(Veneer$$Code)
    Long Thumb to Thumb Veneer to lld_sleep_lpcycles_2_us_func 0x200042f5   Thumb Code    12  anon$$obj.o(Veneer$$Code)
    Long Thumb to Thumb Veneer to uart_flow_on 0x20004301   Thumb Code    12  anon$$obj.o(Veneer$$Code)
    Long Thumb to Thumb Veneer to srand      0x2000430d   Thumb Code    12  anon$$obj.o(Veneer$$Code)
    Long Thumb to Thumb Veneer to set_system_clocks 0x20004319   Thumb Code    12  anon$$obj.o(Veneer$$Code)
    Long Thumb to Thumb Veneer to nvds_init  0x20004325   Thumb Code    12  anon$$obj.o(Veneer$$Code)
    Long Thumb to Thumb Veneer to rwip_init  0x20004331   Thumb Code    12  anon$$obj.o(Veneer$$Code)
    Long Thumb to Thumb Veneer to enable_rf_diag_irq 0x2000433d   Thumb Code    12  anon$$obj.o(Veneer$$Code)
    Long Thumb to Thumb Veneer to platform_reset_func 0x20004349   Thumb Code    12  anon$$obj.o(Veneer$$Code)
    Long Thumb to Thumb Veneer to ke_handler_search 0x20004355   Thumb Code    12  anon$$obj.o(Veneer$$Code)
    Long Thumb to Thumb Veneer to ke_state_get 0x20004361   Thumb Code    12  anon$$obj.o(Veneer$$Code)
    Long Thumb to Thumb Veneer to __ARM_common_switch8 0x2000436d   Thumb Code    12  anon$$obj.o(Veneer$$Code)
    Long Thumb to Thumb Veneer to TASK_LLM_lld_data_ind_handler 0x20004379   Thumb Code    12  anon$$obj.o(Veneer$$Code)
    Long Thumb to Thumb Veneer to co_buf_rx_free 0x20004385   Thumb Code    12  anon$$obj.o(Veneer$$Code)
    Long Thumb to Thumb Veneer to ke_malloc  0x20004391   Thumb Code    12  anon$$obj.o(Veneer$$Code)
    Long Thumb to Thumb Veneer to __aeabi_memclr4 0x2000439d   Thumb Code    12  anon$$obj.o(Veneer$$Code)
    Long Thumb to Thumb Veneer to ke_state_set 0x200043a9   Thumb Code    12  anon$$obj.o(Veneer$$Code)
    Long Thumb to Thumb Veneer to ke_msg_alloc 0x200043b5   Thumb Code    12  anon$$obj.o(Veneer$$Code)
    Long Thumb to Thumb Veneer to ke_msg_send 0x200043c1   Thumb Code    12  anon$$obj.o(Veneer$$Code)
    Long Thumb to Thumb Veneer to ke_timer_clear 0x200043cd   Thumb Code    12  anon$$obj.o(Veneer$$Code)
    Long Thumb to Thumb Veneer to atts_send_cmd_cmp 0x200043d9   Thumb Code    12  anon$$obj.o(Veneer$$Code)
    Long Thumb to Thumb Veneer to atts_mtu_exc_resp 0x200043e5   Thumb Code    12  anon$$obj.o(Veneer$$Code)
    Long Thumb to Thumb Veneer to atts_find_info_resp 0x200043f1   Thumb Code    12  anon$$obj.o(Veneer$$Code)
    Long Thumb to Thumb Veneer to atts_find_by_type_resp 0x200043fd   Thumb Code    12  anon$$obj.o(Veneer$$Code)
    Long Thumb to Thumb Veneer to atts_read_by_type_resp 0x20004409   Thumb Code    12  anon$$obj.o(Veneer$$Code)
    Long Thumb to Thumb Veneer to atts_read_by_grp_type_resp 0x20004415   Thumb Code    12  anon$$obj.o(Veneer$$Code)
    Long Thumb to Thumb Veneer to atts_read_blob_resp 0x20004421   Thumb Code    12  anon$$obj.o(Veneer$$Code)
    Long Thumb to Thumb Veneer to atts_read_mult_resp 0x2000442d   Thumb Code    12  anon$$obj.o(Veneer$$Code)
    Long Thumb to Thumb Veneer to atts_write_no_resp 0x20004439   Thumb Code    12  anon$$obj.o(Veneer$$Code)
    Long Thumb to Thumb Veneer to atts_write_resp 0x20004445   Thumb Code    12  anon$$obj.o(Veneer$$Code)
    Long Thumb to Thumb Veneer to atts_signed_write_resp 0x20004451   Thumb Code    12  anon$$obj.o(Veneer$$Code)
    Long Thumb to Thumb Veneer to atts_prepare_write_resp 0x2000445d   Thumb Code    12  anon$$obj.o(Veneer$$Code)
    Long Thumb to Thumb Veneer to atts_execute_write_resp 0x20004469   Thumb Code    12  anon$$obj.o(Veneer$$Code)
    Long Thumb to Thumb Veneer to attmdb_get_attribute 0x20004475   Thumb Code    12  anon$$obj.o(Veneer$$Code)
    Long Thumb to Thumb Veneer to gattc_get_mtu 0x20004481   Thumb Code    12  anon$$obj.o(Veneer$$Code)
    Long Thumb to Thumb Veneer to atts_allocate_pdu 0x2000448d   Thumb Code    12  anon$$obj.o(Veneer$$Code)
    Long Thumb to Thumb Veneer to atts_send_error 0x20004499   Thumb Code    12  anon$$obj.o(Veneer$$Code)
    Long Thumb to Thumb Veneer to atts_send_pdu 0x200044a5   Thumb Code    12  anon$$obj.o(Veneer$$Code)
    Long Thumb to Thumb Veneer to atts_get_att_chk_perm 0x200044b1   Thumb Code    12  anon$$obj.o(Veneer$$Code)
    Long Thumb to Thumb Veneer to attmdb_get_service 0x200044bd   Thumb Code    12  anon$$obj.o(Veneer$$Code)
    Long Thumb to Thumb Veneer to __aeabi_llsl 0x200044c9   Thumb Code    12  anon$$obj.o(Veneer$$Code)
    Long Thumb to Thumb Veneer to lld_con_update_ind 0x200044d5   Thumb Code    12  anon$$obj.o(Veneer$$Code)
    Long Thumb to Thumb Veneer to __aeabi_uidivmod 0x200044e1   Thumb Code    12  anon$$obj.o(Veneer$$Code)
    Long Thumb to Thumb Veneer to llc_util_dicon_procedure 0x200044ed   Thumb Code    12  anon$$obj.o(Veneer$$Code)
    Long Thumb to Thumb Veneer to lld_ch_map_ind 0x200044f9   Thumb Code    12  anon$$obj.o(Veneer$$Code)
    Long Thumb to Thumb Veneer to gapm_get_privacy_flag 0x20004505   Thumb Code    12  anon$$obj.o(Veneer$$Code)
    Long Thumb to Thumb Veneer to gapm_set_recon_addr 0x20004511   Thumb Code    12  anon$$obj.o(Veneer$$Code)
    Long Thumb to Thumb Veneer to co_list_pop_front 0x2000451d   Thumb Code    12  anon$$obj.o(Veneer$$Code)
    Long Thumb to Thumb Veneer to ke_task_handler_get 0x20004529   Thumb Code    12  anon$$obj.o(Veneer$$Code)
    Long Thumb to Thumb Veneer to ke_msg_free 0x20004535   Thumb Code    12  anon$$obj.o(Veneer$$Code)
    Long Thumb to Thumb Veneer to co_list_push_back 0x20004541   Thumb Code    12  anon$$obj.o(Veneer$$Code)
    Long Thumb to Thumb Veneer to ke_event_clear 0x2000454d   Thumb Code    12  anon$$obj.o(Veneer$$Code)
    Long Thumb to Thumb Veneer to ke_event_callback_set 0x20004559   Thumb Code    12  anon$$obj.o(Veneer$$Code)
    Long Thumb to Thumb Veneer to gapc_get_enc_keysize 0x20004565   Thumb Code    12  anon$$obj.o(Veneer$$Code)
    Long Thumb to Thumb Veneer to gapc_get_role 0x20004571   Thumb Code    12  anon$$obj.o(Veneer$$Code)
    Long Thumb to Thumb Veneer to smpc_generate_rand 0x2000457d   Thumb Code    12  anon$$obj.o(Veneer$$Code)
    Long Thumb to Thumb Veneer to smpc_tkdp_send_continue 0x20004589   Thumb Code    12  anon$$obj.o(Veneer$$Code)
    Long Thumb to Thumb Veneer to smpc_pdu_send 0x20004595   Thumb Code    12  anon$$obj.o(Veneer$$Code)
    Long Thumb to Thumb Veneer to smpc_tkdp_rcp_start 0x200045a1   Thumb Code    12  anon$$obj.o(Veneer$$Code)
    Long Thumb to Thumb Veneer to smpc_pairing_end 0x200045ad   Thumb Code    12  anon$$obj.o(Veneer$$Code)
    Long Thumb to Thumb Veneer to smpc_check_max_key_size 0x200045b9   Thumb Code    12  anon$$obj.o(Veneer$$Code)
    Long Thumb to Thumb Veneer to smpc_check_key_distrib 0x200045c5   Thumb Code    12  anon$$obj.o(Veneer$$Code)
    Long Thumb to Thumb Veneer to smpc_get_key_sec_prop 0x200045d1   Thumb Code    12  anon$$obj.o(Veneer$$Code)
    Long Thumb to Thumb Veneer to smpc_is_sec_mode_reached 0x200045dd   Thumb Code    12  anon$$obj.o(Veneer$$Code)
    Long Thumb to Thumb Veneer to rand       0x200045e9   Thumb Code    12  anon$$obj.o(Veneer$$Code)
    Long Thumb to Thumb Veneer to llc_pdu_send 0x200045f5   Thumb Code    12  anon$$obj.o(Veneer$$Code)
    Long Thumb to Thumb Veneer to llm_util_check_evt_mask 0x20004601   Thumb Code    12  anon$$obj.o(Veneer$$Code)
    Long Thumb to Thumb Veneer to llc_ltk_req_send 0x2000460d   Thumb Code    12  anon$$obj.o(Veneer$$Code)
    Long Thumb to Thumb Veneer to llc_terminate_ind_pdu_send 0x20004619   Thumb Code    12  anon$$obj.o(Veneer$$Code)
    Long Thumb to Thumb Veneer to ke_timer_set 0x20004625   Thumb Code    12  anon$$obj.o(Veneer$$Code)
    Long Thumb to Thumb Veneer to llc_reject_ind_pdu_send 0x20004631   Thumb Code    12  anon$$obj.o(Veneer$$Code)
    Long Thumb to Thumb Veneer to llm_util_get_role 0x2000463d   Thumb Code    12  anon$$obj.o(Veneer$$Code)
    Long Thumb to Thumb Veneer to llc_le_con_update_cmd_handler 0x20004649   Thumb Code    12  anon$$obj.o(Veneer$$Code)
    Long Thumb to Thumb Veneer to lld_evt_int_extract 0x20004655   Thumb Code    12  anon$$obj.o(Veneer$$Code)
    Long Thumb to Thumb Veneer to ke_free    0x20004661   Thumb Code    12  anon$$obj.o(Veneer$$Code)
    Long Thumb to Thumb Veneer to lld_stop_ind_handler 0x2000466d   Thumb Code    12  anon$$obj.o(Veneer$$Code)
    Long Thumb to Thumb Veneer to llc_start_enc_rsp_pdu_send 0x20004679   Thumb Code    12  anon$$obj.o(Veneer$$Code)
    Long Thumb to Thumb Veneer to llc_common_enc_change_evt_send 0x20004685   Thumb Code    12  anon$$obj.o(Veneer$$Code)
    Long Thumb to Thumb Veneer to llc_llcp_rsp_to_ind_handler 0x20004691   Thumb Code    12  anon$$obj.o(Veneer$$Code)
    Long Thumb to Thumb Veneer to llc_link_sup_to_ind_handler 0x2000469d   Thumb Code    12  anon$$obj.o(Veneer$$Code)
    Long Thumb to Thumb Veneer to gapc_send_error_evt 0x200046a9   Thumb Code    12  anon$$obj.o(Veneer$$Code)
    Long Thumb to Thumb Veneer to gapc_get_operation 0x200046b5   Thumb Code    12  anon$$obj.o(Veneer$$Code)
    Long Thumb to Thumb Veneer to gapc_send_complete_evt 0x200046c1   Thumb Code    12  anon$$obj.o(Veneer$$Code)
    Long Thumb to Thumb Veneer to gapc_send_disconect_ind 0x200046cd   Thumb Code    12  anon$$obj.o(Veneer$$Code)
    Long Thumb to Thumb Veneer to gapm_con_cleanup 0x200046d9   Thumb Code    12  anon$$obj.o(Veneer$$Code)
    Long Thumb to Thumb Veneer to llc_con_update_cmd_complete_send 0x200046e5   Thumb Code    12  anon$$obj.o(Veneer$$Code)
    Long Thumb to Thumb Veneer to IffCalibration 0x200046f1   Thumb Code    12  anon$$obj.o(Veneer$$Code)
    Long Thumb to Thumb Veneer to DCoffsetCalibration 0x200046fd   Thumb Code    12  anon$$obj.o(Veneer$$Code)
    Long Thumb to Thumb Veneer to ble_regs_pop 0x20004709   Thumb Code    12  anon$$obj.o(Veneer$$Code)
    Long Thumb to Thumb Veneer to rwip_wakeup 0x20004715   Thumb Code    12  anon$$obj.o(Veneer$$Code)
    Long Thumb to Thumb Veneer to rf_workaround_init 0x20004721   Thumb Code    12  anon$$obj.o(Veneer$$Code)
    Long Thumb to Thumb Veneer to rf_reinit  0x2000472d   Thumb Code    12  anon$$obj.o(Veneer$$Code)
    Long Thumb to Thumb Veneer to $Super$$BLE_CSCNT_Handler 0x20004739   Thumb Code    12  anon$$obj.o(Veneer$$Code)
    Long Thumb to Thumb Veneer to lld_evt_rx_isr 0x20004745   Thumb Code    12  anon$$obj.o(Veneer$$Code)
    Long Thumb to Thumb Veneer to lld_evt_end_isr 0x20004751   Thumb Code    12  anon$$obj.o(Veneer$$Code)
    Long Thumb to Thumb Veneer to set_rf_cal_cap 0x2000475d   Thumb Code    12  anon$$obj.o(Veneer$$Code)
    Long Thumb to Thumb Veneer to set_gauss_modgain 0x20004769   Thumb Code    12  anon$$obj.o(Veneer$$Code)
    Long Thumb to Thumb Veneer to lld_evt_start_isr 0x20004775   Thumb Code    12  anon$$obj.o(Veneer$$Code)
    Long Thumb to Thumb Veneer to ke_sleep_check 0x20004781   Thumb Code    12  anon$$obj.o(Veneer$$Code)
    Long Thumb to Thumb Veneer to ke_timer_sleep_check 0x2000478d   Thumb Code    12  anon$$obj.o(Veneer$$Code)
    Long Thumb to Thumb Veneer to lld_sleep_enter 0x20004799   Thumb Code    12  anon$$obj.o(Veneer$$Code)
    Long Thumb to Thumb Veneer to ble_regs_push 0x200047a5   Thumb Code    12  anon$$obj.o(Veneer$$Code)
    Long Thumb to Thumb Veneer to attmdb_add_service 0x200047b1   Thumb Code    12  anon$$obj.o(Veneer$$Code)
    Long Thumb to Thumb Veneer to attmdb_add_attribute 0x200047bd   Thumb Code    12  anon$$obj.o(Veneer$$Code)
    Long Thumb to Thumb Veneer to attmdb_att_set_value 0x200047c9   Thumb Code    12  anon$$obj.o(Veneer$$Code)
    Long Thumb to Thumb Veneer to attmdb_att_partial_value_update 0x200047d5   Thumb Code    12  anon$$obj.o(Veneer$$Code)
    Long Thumb to Thumb Veneer to gapc_get_conhdl 0x200047e1   Thumb Code    12  anon$$obj.o(Veneer$$Code)
    Long Thumb to Thumb Veneer to attmdb_att_set_permission 0x200047ed   Thumb Code    12  anon$$obj.o(Veneer$$Code)
    Long Thumb to Thumb Veneer to __aeabi_memclr 0x200047f9   Thumb Code    12  anon$$obj.o(Veneer$$Code)
    Long Thumb to Thumb Veneer to ke_task_create 0x20004805   Thumb Code    12  anon$$obj.o(Veneer$$Code)
    Long Thumb to Thumb Veneer to attmdb_svc_set_permission 0x20004811   Thumb Code    12  anon$$obj.o(Veneer$$Code)
    Long Thumb to Thumb Veneer to gapc_get_conidx 0x2000481d   Thumb Code    12  anon$$obj.o(Veneer$$Code)
    Long Thumb to Thumb Veneer to attmdb_att_get_uuid 0x20004829   Thumb Code    12  anon$$obj.o(Veneer$$Code)
    Long Thumb to Thumb Veneer to attmdb_att_get_permission 0x20004835   Thumb Code    12  anon$$obj.o(Veneer$$Code)
    Long Thumb to Thumb Veneer to attmdb_att_update_value 0x20004841   Thumb Code    12  anon$$obj.o(Veneer$$Code)
    Long Thumb to Thumb Veneer to attmdb_att_get_value 0x2000484d   Thumb Code    12  anon$$obj.o(Veneer$$Code)
    Long Thumb to Thumb Veneer to atts_write_rsp_send 0x20004859   Thumb Code    12  anon$$obj.o(Veneer$$Code)
    Long Thumb to Thumb Veneer to nvds_get   0x20004865   Thumb Code    12  anon$$obj.o(Veneer$$Code)
    __scatterload_copy                       0x20004871   Thumb Code    14  handlers.o(i.__scatterload_copy)
    __scatterload_null                       0x2000487f   Thumb Code     2  handlers.o(i.__scatterload_null)
    __scatterload_zeroinit                   0x20004881   Thumb Code    14  handlers.o(i.__scatterload_zeroinit)
    free                                     0x20004891   Thumb Code    80  malloc.o(i.free)
    malloc                                   0x200048e5   Thumb Code    92  malloc.o(i.malloc)
    LUT_CFG                                  0x20004950   Data          22  jump_table.o(.constdata)
    atts_read_resp_impl                      0x20004968   Data           4  arch_patch.o(.constdata)
    my_atts_default_handler                  0x20004a4c   Data           8  atts_task.obj(.constdata)
    TASK_DESC_ATTS                           0x20004a54   Data          16  atts_task.obj(.constdata)
    my_llc_state_handler                     0x20004abc   Data         176  llc.obj(.constdata)
    my_llc_default_handler                   0x20004b6c   Data           8  llc.obj(.constdata)
    TASK_DESC_LLC                            0x20004b74   Data          16  llc.obj(.constdata)
    custs1_disabled                          0x20004bcc   Data           8  custs1_task.o(.constdata)
    custs1_idle                              0x20004bd4   Data           8  custs1_task.o(.constdata)
    custs1_connected                         0x20004bdc   Data          40  custs1_task.o(.constdata)
    custs1_default_state                     0x20004c04   Data           8  custs1_task.o(.constdata)
    custs1_state_handler                     0x20004c0c   Data          24  custs1_task.o(.constdata)
    custs1_default_handler                   0x20004c24   Data           8  custs1_task.o(.constdata)
    prf_funcs                                0x20004c6c   Data          12  app.o(.constdata)
    app_default_state                        0x20004cc4   Data           8  app_task.o(.constdata)
    app_default_handler                      0x20004ccc   Data           8  app_task.o(.constdata)
    app_process_handlers                     0x20004cd8   Data          12  app_entry_point.o(.constdata)
    cust_prf_funcs                           0x20004cf4   Data          56  user_custs_config.o(.constdata)
    Region$$Table$$Base                      0x20004d48   Number         0  anon$$obj.o(Region$$Table)
    Region$$Table$$Limit                     0x20004d78   Number         0  anon$$obj.o(Region$$Table)
    startup_sleep_delay                      0x20004d78   Data           4  arch_system.o(.data)
    custs1_att_db                            0x20004e00   Data         192  user_custs1_def.o(.data)
    __microlib_freelist                      0x20004ec0   Data           4  mvars.o(.data)
    __microlib_freelist_initialised          0x20004ec4   Data           4  mvars.o(.data)
    dev_bdaddr                               0x20008000   Data           6  nvds.o(retention_mem_area0)
    sys_startup_flag                         0x20008006   Data           1  arch_main.o(retention_mem_area0)
    sleep_md                                 0x20008007   Data           1  arch_sleep.o(retention_mem_area0)
    sleep_pend                               0x20008008   Data           1  arch_sleep.o(retention_mem_area0)
    sleep_cnt                                0x20008009   Data           1  arch_sleep.o(retention_mem_area0)
    sleep_ext_force                          0x2000800a   Data           1  arch_sleep.o(retention_mem_area0)
    cal_enable                               0x2000800c   Data           1  arch_system.o(retention_mem_area0)
    force_rf_cal                             0x2000800d   Data           1  arch_system.o(retention_mem_area0)
    arch_wkupct_deb_time                     0x2000800e   Data           2  arch_system.o(retention_mem_area0)
    lp_clk_sel                               0x20008010   Data           4  arch_system.o(retention_mem_area0)
    rcx_freq                                 0x20008014   Data           4  arch_system.o(retention_mem_area0)
    rcx_period                               0x20008018   Data           4  arch_system.o(retention_mem_area0)
    rcx_slot_duration_num                    0x2000801c   Data           4  arch_system.o(retention_mem_area0)
    rcx_slot_duration_den                    0x20008020   Data           4  arch_system.o(retention_mem_area0)
    dg_registered_tasks                      0x20008028   Data           8  atts_util.obj(retention_mem_area0)
    alt_evts                                 0x20008030   Data          24  llc.obj(retention_mem_area0)
    wkupct_quad_IRQ_status                   0x20008048   Data           1  wkupct_quadec.o(retention_mem_area0)
    arch_rwble_last_event                    0x20008072   Data           1  rwble.o(retention_mem_area0)
    set_boost_low_vbat1v_overhead            0x20008073   Data           1  rwble.o(retention_mem_area0)
    fine_hit                                 0x20008075   Data           1  rwble.o(retention_mem_area0)
    clk_freq_trim_reg_value                  0x20008076   Data           2  rwble.o(retention_mem_area0)
    wakeup_lp_comp                           0x20008078   Data           2  rwble.o(retention_mem_area0)
    sleep_lp_cycles                          0x2000807c   Data           4  rwip.o(retention_mem_area0)
    slp_period_retained                      0x20008080   Data           4  rwip.o(retention_mem_area0)
    custs1_env                               0x20008084   Data          14  custs1.o(retention_mem_area0)
    custs1_state                             0x20008092   Data           1  custs1_task.o(retention_mem_area0)
    app_env                                  0x200080ac   Data          12  app.o(retention_mem_area0)
    app_prf_srv_perm                         0x200080b8   Data          20  app.o(retention_mem_area0)
    app_state                                0x200080cc   Data           1  app_task.o(retention_mem_area0)
    mnf_data                                 0x20008120   Data           6  user_main.o(retention_mem_area0)
    rwip_heap_non_ret                        0x20008bf4   Data        1036  jump_table.o(heap_mem_area_not_ret)
    SystemCoreClock                          0x20009000   Data           0  rom_symdef.txt ABSOLUTE
    error                                    0x20009004   Data           0  rom_symdef.txt ABSOLUTE
    GPIO_status                              0x20009020   Data           8  gpio.o(.bss)
    GPIO                                     0x20009028   Data         160  gpio.o(.bss)
    GPIOHandlerFunction                      0x200090c8   Data          20  gpio.o(.bss)
    spi_driver_cs_pad                        0x200090dc   Data           2  spi.o(.bss)
    timer_accel                              0x200090de   Data           2  user_custs1_impl.o(.bss)
    timer_ecg                                0x200090e0   Data           2  user_custs1_impl.o(.bss)
    app_connection_idx                       0x200090e2   Data           1  user_main.o(.bss)
    app_adv_data_update_timer_used           0x200090e3   Data           1  user_main.o(.bss)
    app_param_update_request_timer_used      0x200090e4   Data           1  user_main.o(.bss)
    __heap_base                              0x200090e8   Data           0  boot_vectors.o(HEAP)
    __heap_limit                             0x200091e8   Data           0  boot_vectors.o(HEAP)
    __initial_sp                             0x20009800   Data           0  boot_vectors.o(STACK)



==============================================================================

Memory Map of the image

  Image Entry point : 0x20000441

  Load Region LR_IROM1 (Base: 0x20000000, Size: 0x000000a0, Max: 0x00000160, ABSOLUTE)

    Execution Region ER_IROM1 (Base: 0x20000000, Size: 0x000000a0, Max: 0x00000160, ABSOLUTE)

    Base Addr    Size         Type   Attr      Idx    E Section Name        Object

    0x20000000   0x000000a0   Data   RO          201    RESET               boot_vectors.o



  Load Region LR_IROM2 (Base: 0x20000160, Size: 0x00000160, Max: 0x00000160, ABSOLUTE)

    Execution Region ER_IROM2 (Base: 0x20000160, Size: 0x00000160, Max: 0x00000160, ABSOLUTE)

    Base Addr    Size         Type   Attr      Idx    E Section Name        Object

    0x20000160   0x00000160   Data   RO          456    jump_table_mem_area  jump_table.o



  Load Region LR_IROM3 (Base: 0x200002c0, Size: 0x00000064, Max: 0x00000080, ABSOLUTE)

    Execution Region ER_IROM3 (Base: 0x200002c0, Size: 0x00000064, Max: 0x00000080, ABSOLUTE)

    Base Addr    Size         Type   Attr      Idx    E Section Name        Object

    0x200002c0   0x00000064   Data   RO         1594    timeout_table_area  gapm.o



  Load Region LR_IROM4 (Base: 0x20000340, Size: 0x000000a4, Max: 0x00000100, ABSOLUTE)

    Execution Region ER_IROM4 (Base: 0x20000340, Size: 0x000000a4, Max: 0x00000100, ABSOLUTE)

    Base Addr    Size         Type   Attr      Idx    E Section Name        Object

    0x20000340   0x000000a4   Data   RO          263    nvds_data_storage_area  nvds.o



  Load Region LR_IROM5 (Base: 0x20000440, Size: 0x00004a88, Max: 0x000093c0, ABSOLUTE)

    Execution Region ER_IROM5 (Base: 0x20000440, Size: 0x00004a88, Max: 0x00007ac0, ABSOLUTE)

    Base Addr    Size         Type   Attr      Idx    E Section Name        Object

    0x20000440   0x00000000   Code   RO         2630  * .ARM.Collect$$$$00000000  mc_p.l(entry.o)
    0x20000440   0x00000004   Code   RO         2659    .ARM.Collect$$$$00000001  mc_p.l(entry2.o)
    0x20000444   0x00000004   Code   RO         2662    .ARM.Collect$$$$00000004  mc_p.l(entry5.o)
    0x20000448   0x00000000   Code   RO         2664    .ARM.Collect$$$$00000008  mc_p.l(entry7b.o)
    0x20000448   0x00000000   Code   RO         2666    .ARM.Collect$$$$0000000A  mc_p.l(entry8b.o)
    0x20000448   0x00000008   Code   RO         2667    .ARM.Collect$$$$0000000B  mc_p.l(entry9a.o)
    0x20000450   0x00000000   Code   RO         2669    .ARM.Collect$$$$0000000D  mc_p.l(entry10a.o)
    0x20000450   0x00000000   Code   RO         2671    .ARM.Collect$$$$0000000F  mc_p.l(entry11a.o)
    0x20000450   0x00000004   Code   RO         2660    .ARM.Collect$$$$00002712  mc_p.l(entry2.o)
    0x20000454   0x00000050   Code   RO            2    .text               system_armcm0.o
    0x200004a4   0x0000006c   Code   RO          202    .text               boot_vectors.o
    0x20000510   0x00000068   Code   RO          207    .text               hardfault_handler.o
    0x20000578   0x0000009c   Code   RO          232    .text               nmi_handler.o
    0x20000614   0x000000b8   Code   RO          262    .text               nvds.o
    0x200006cc   0x000001d8   Code   RO          282    .text               arch_main.o
    0x200008a4   0x00000002   Code   RO          450    .text               jump_table.o
    0x200008a6   0x00000002   PAD
    0x200008a8   0x000000ac   Code   RO          549    .text               arch_sleep.o
    0x20000954   0x0000032c   Code   RO          606    .text               arch_system.o
    0x20000c80   0x00000210   Code   RO          736    .text               arch_patch.o
    0x20000e90   0x00000120   Code   RO          797    .text               atts_task.obj
    0x20000fb0   0x000000c0   Code   RO          805    .text               atts_util.obj
    0x20001070   0x000000c4   Code   RO          810    .text               ch_map.obj
    0x20001134   0x00000180   Code   RO          812    .text               gapm_util.obj
    0x200012b4   0x000000d0   Code   RO          814    .text               ke_task.obj
    0x20001384   0x0000015c   Code   RO          816    .text               smpc.obj
    0x200014e0   0x00000214   Code   RO          818    .text               smpc_task.obj
    0x200016f4   0x000004d4   Code   RO          820    .text               llc.obj
    0x20001bc8   0x00000160   Code   RO          831    .text               gapc_task.obj
    0x20001d28   0x00000090   Code   RO          836    .text               llc_con_update_ind.obj
    0x20001db8   0x0000002c   Code   RO          839    .text               syscntl.o
    0x20001de4   0x00000230   Code   RO          856    .text               gpio.o
    0x20002014   0x00000078   Code   RO          916    .text               wkupct_quadec.o
    0x2000208c   0x000000d0   Code   RO         1060    .text               adc.o
    0x2000215c   0x000001bc   Code   RO         1084    .text               trng.o
    0x20002318   0x00000100   Code   RO         1250    .text               spi.o
    0x20002418   0x000000dc   Code   RO         1350    .text               uart2.o
    0x200024f4   0x000002f8   Code   RO         1406    .text               rf_580.o
    0x200027ec   0x000003a0   Code   RO         1440    .text               rwble.o
    0x20002b8c   0x000001a8   Code   RO         1564    .text               rwip.o
    0x20002d34   0x00000118   Code   RO         1628    .text               attm_db_128.o
    0x20002e4c   0x000000e4   Code   RO         1662    .text               prf_utils.o
    0x20002f30   0x00000054   Code   RO         1698    .text               custs1.o
    0x20002f84   0x0000037c   Code   RO         1721    .text               custs1_task.o
    0x20003300   0x000000b0   Code   RO         1747    .text               custom_common.o
    0x200033b0   0x00000048   Code   RO         1760    .text               app_default_handlers.o
    0x200033f8   0x0000044c   Code   RO         1833    .text               app.o
    0x20003844   0x00000184   Code   RO         1998    .text               app_task.o
    0x200039c8   0x00000088   Code   RO         2143    .text               app_entry_point.o
    0x20003a50   0x00000026   Code   RO         2170    .text               app_msg_utils.o
    0x20003a76   0x00000002   Code   RO         2388    .text               app_easy_timer.o
    0x20003a78   0x00000002   Code   RO         2389    .text               app_easy_timer.o
    0x20003a7a   0x00000002   PAD
    0x20003a7c   0x000001e0   Code   RO         2390    .text               app_easy_timer.o
    0x20003c5c   0x0000006c   Code   RO         2425    .text               app_customs.o
    0x20003cc8   0x00000048   Code   RO         2445    .text               app_customs_task.o
    0x20003d10   0x00000174   Code   RO         2508    .text               user_periph_setup.o
    0x20003e84   0x000000cc   Code   RO         2521    .text               spi_adxl.o
    0x20003f50   0x0000010c   Code   RO         2573    .text               user_custs1_impl.o
    0x2000405c   0x000001b4   Code   RO         2609    .text               user_main.o
    0x20004210   0x00000024   Code   RO         2675    .text               mc_p.l(init.o)
    0x20004234   0x0000000c   Ven    RO         2685    Veneer$$Code        anon$$obj.o
    0x20004240   0x0000000c   Ven    RO         2686    Veneer$$Code        anon$$obj.o
    0x2000424c   0x0000000c   Ven    RO         2687    Veneer$$Code        anon$$obj.o
    0x20004258   0x0000000c   Ven    RO         2688    Veneer$$Code        anon$$obj.o
    0x20004264   0x0000000c   Ven    RO         2689    Veneer$$Code        anon$$obj.o
    0x20004270   0x0000000c   Ven    RO         2690    Veneer$$Code        anon$$obj.o
    0x2000427c   0x0000000c   Ven    RO         2691    Veneer$$Code        anon$$obj.o
    0x20004288   0x0000000c   Ven    RO         2692    Veneer$$Code        anon$$obj.o
    0x20004294   0x0000000c   Ven    RO         2693    Veneer$$Code        anon$$obj.o
    0x200042a0   0x0000000c   Ven    RO         2694    Veneer$$Code        anon$$obj.o
    0x200042ac   0x0000000c   Ven    RO         2695    Veneer$$Code        anon$$obj.o
    0x200042b8   0x0000000c   Ven    RO         2696    Veneer$$Code        anon$$obj.o
    0x200042c4   0x0000000c   Ven    RO         2697    Veneer$$Code        anon$$obj.o
    0x200042d0   0x0000000c   Ven    RO         2698    Veneer$$Code        anon$$obj.o
    0x200042dc   0x0000000c   Ven    RO         2699    Veneer$$Code        anon$$obj.o
    0x200042e8   0x0000000c   Ven    RO         2700    Veneer$$Code        anon$$obj.o
    0x200042f4   0x0000000c   Ven    RO         2701    Veneer$$Code        anon$$obj.o
    0x20004300   0x0000000c   Ven    RO         2702    Veneer$$Code        anon$$obj.o
    0x2000430c   0x0000000c   Ven    RO         2703    Veneer$$Code        anon$$obj.o
    0x20004318   0x0000000c   Ven    RO         2704    Veneer$$Code        anon$$obj.o
    0x20004324   0x0000000c   Ven    RO         2705    Veneer$$Code        anon$$obj.o
    0x20004330   0x0000000c   Ven    RO         2706    Veneer$$Code        anon$$obj.o
    0x2000433c   0x0000000c   Ven    RO         2707    Veneer$$Code        anon$$obj.o
    0x20004348   0x0000000c   Ven    RO         2708    Veneer$$Code        anon$$obj.o
    0x20004354   0x0000000c   Ven    RO         2709    Veneer$$Code        anon$$obj.o
    0x20004360   0x0000000c   Ven    RO         2710    Veneer$$Code        anon$$obj.o
    0x2000436c   0x0000000c   Ven    RO         2711    Veneer$$Code        anon$$obj.o
    0x20004378   0x0000000c   Ven    RO         2712    Veneer$$Code        anon$$obj.o
    0x20004384   0x0000000c   Ven    RO         2713    Veneer$$Code        anon$$obj.o
    0x20004390   0x0000000c   Ven    RO         2714    Veneer$$Code        anon$$obj.o
    0x2000439c   0x0000000c   Ven    RO         2715    Veneer$$Code        anon$$obj.o
    0x200043a8   0x0000000c   Ven    RO         2716    Veneer$$Code        anon$$obj.o
    0x200043b4   0x0000000c   Ven    RO         2717    Veneer$$Code        anon$$obj.o
    0x200043c0   0x0000000c   Ven    RO         2718    Veneer$$Code        anon$$obj.o
    0x200043cc   0x0000000c   Ven    RO         2719    Veneer$$Code        anon$$obj.o
    0x200043d8   0x0000000c   Ven    RO         2720    Veneer$$Code        anon$$obj.o
    0x200043e4   0x0000000c   Ven    RO         2721    Veneer$$Code        anon$$obj.o
    0x200043f0   0x0000000c   Ven    RO         2722    Veneer$$Code        anon$$obj.o
    0x200043fc   0x0000000c   Ven    RO         2723    Veneer$$Code        anon$$obj.o
    0x20004408   0x0000000c   Ven    RO         2724    Veneer$$Code        anon$$obj.o
    0x20004414   0x0000000c   Ven    RO         2725    Veneer$$Code        anon$$obj.o
    0x20004420   0x0000000c   Ven    RO         2726    Veneer$$Code        anon$$obj.o
    0x2000442c   0x0000000c   Ven    RO         2727    Veneer$$Code        anon$$obj.o
    0x20004438   0x0000000c   Ven    RO         2728    Veneer$$Code        anon$$obj.o
    0x20004444   0x0000000c   Ven    RO         2729    Veneer$$Code        anon$$obj.o
    0x20004450   0x0000000c   Ven    RO         2730    Veneer$$Code        anon$$obj.o
    0x2000445c   0x0000000c   Ven    RO         2731    Veneer$$Code        anon$$obj.o
    0x20004468   0x0000000c   Ven    RO         2732    Veneer$$Code        anon$$obj.o
    0x20004474   0x0000000c   Ven    RO         2733    Veneer$$Code        anon$$obj.o
    0x20004480   0x0000000c   Ven    RO         2734    Veneer$$Code        anon$$obj.o
    0x2000448c   0x0000000c   Ven    RO         2735    Veneer$$Code        anon$$obj.o
    0x20004498   0x0000000c   Ven    RO         2736    Veneer$$Code        anon$$obj.o
    0x200044a4   0x0000000c   Ven    RO         2737    Veneer$$Code        anon$$obj.o
    0x200044b0   0x0000000c   Ven    RO         2738    Veneer$$Code        anon$$obj.o
    0x200044bc   0x0000000c   Ven    RO         2739    Veneer$$Code        anon$$obj.o
    0x200044c8   0x0000000c   Ven    RO         2740    Veneer$$Code        anon$$obj.o
    0x200044d4   0x0000000c   Ven    RO         2741    Veneer$$Code        anon$$obj.o
    0x200044e0   0x0000000c   Ven    RO         2742    Veneer$$Code        anon$$obj.o
    0x200044ec   0x0000000c   Ven    RO         2743    Veneer$$Code        anon$$obj.o
    0x200044f8   0x0000000c   Ven    RO         2744    Veneer$$Code        anon$$obj.o
    0x20004504   0x0000000c   Ven    RO         2745    Veneer$$Code        anon$$obj.o
    0x20004510   0x0000000c   Ven    RO         2746    Veneer$$Code        anon$$obj.o
    0x2000451c   0x0000000c   Ven    RO         2747    Veneer$$Code        anon$$obj.o
    0x20004528   0x0000000c   Ven    RO         2748    Veneer$$Code        anon$$obj.o
    0x20004534   0x0000000c   Ven    RO         2749    Veneer$$Code        anon$$obj.o
    0x20004540   0x0000000c   Ven    RO         2750    Veneer$$Code        anon$$obj.o
    0x2000454c   0x0000000c   Ven    RO         2751    Veneer$$Code        anon$$obj.o
    0x20004558   0x0000000c   Ven    RO         2752    Veneer$$Code        anon$$obj.o
    0x20004564   0x0000000c   Ven    RO         2753    Veneer$$Code        anon$$obj.o
    0x20004570   0x0000000c   Ven    RO         2754    Veneer$$Code        anon$$obj.o
    0x2000457c   0x0000000c   Ven    RO         2755    Veneer$$Code        anon$$obj.o
    0x20004588   0x0000000c   Ven    RO         2756    Veneer$$Code        anon$$obj.o
    0x20004594   0x0000000c   Ven    RO         2757    Veneer$$Code        anon$$obj.o
    0x200045a0   0x0000000c   Ven    RO         2758    Veneer$$Code        anon$$obj.o
    0x200045ac   0x0000000c   Ven    RO         2759    Veneer$$Code        anon$$obj.o
    0x200045b8   0x0000000c   Ven    RO         2760    Veneer$$Code        anon$$obj.o
    0x200045c4   0x0000000c   Ven    RO         2761    Veneer$$Code        anon$$obj.o
    0x200045d0   0x0000000c   Ven    RO         2762    Veneer$$Code        anon$$obj.o
    0x200045dc   0x0000000c   Ven    RO         2763    Veneer$$Code        anon$$obj.o
    0x200045e8   0x0000000c   Ven    RO         2764    Veneer$$Code        anon$$obj.o
    0x200045f4   0x0000000c   Ven    RO         2765    Veneer$$Code        anon$$obj.o
    0x20004600   0x0000000c   Ven    RO         2766    Veneer$$Code        anon$$obj.o
    0x2000460c   0x0000000c   Ven    RO         2767    Veneer$$Code        anon$$obj.o
    0x20004618   0x0000000c   Ven    RO         2768    Veneer$$Code        anon$$obj.o
    0x20004624   0x0000000c   Ven    RO         2769    Veneer$$Code        anon$$obj.o
    0x20004630   0x0000000c   Ven    RO         2770    Veneer$$Code        anon$$obj.o
    0x2000463c   0x0000000c   Ven    RO         2771    Veneer$$Code        anon$$obj.o
    0x20004648   0x0000000c   Ven    RO         2772    Veneer$$Code        anon$$obj.o
    0x20004654   0x0000000c   Ven    RO         2773    Veneer$$Code        anon$$obj.o
    0x20004660   0x0000000c   Ven    RO         2774    Veneer$$Code        anon$$obj.o
    0x2000466c   0x0000000c   Ven    RO         2775    Veneer$$Code        anon$$obj.o
    0x20004678   0x0000000c   Ven    RO         2776    Veneer$$Code        anon$$obj.o
    0x20004684   0x0000000c   Ven    RO         2777    Veneer$$Code        anon$$obj.o
    0x20004690   0x0000000c   Ven    RO         2778    Veneer$$Code        anon$$obj.o
    0x2000469c   0x0000000c   Ven    RO         2779    Veneer$$Code        anon$$obj.o
    0x200046a8   0x0000000c   Ven    RO         2780    Veneer$$Code        anon$$obj.o
    0x200046b4   0x0000000c   Ven    RO         2781    Veneer$$Code        anon$$obj.o
    0x200046c0   0x0000000c   Ven    RO         2782    Veneer$$Code        anon$$obj.o
    0x200046cc   0x0000000c   Ven    RO         2783    Veneer$$Code        anon$$obj.o
    0x200046d8   0x0000000c   Ven    RO         2784    Veneer$$Code        anon$$obj.o
    0x200046e4   0x0000000c   Ven    RO         2785    Veneer$$Code        anon$$obj.o
    0x200046f0   0x0000000c   Ven    RO         2786    Veneer$$Code        anon$$obj.o
    0x200046fc   0x0000000c   Ven    RO         2787    Veneer$$Code        anon$$obj.o
    0x20004708   0x0000000c   Ven    RO         2788    Veneer$$Code        anon$$obj.o
    0x20004714   0x0000000c   Ven    RO         2789    Veneer$$Code        anon$$obj.o
    0x20004720   0x0000000c   Ven    RO         2790    Veneer$$Code        anon$$obj.o
    0x2000472c   0x0000000c   Ven    RO         2791    Veneer$$Code        anon$$obj.o
    0x20004738   0x0000000c   Ven    RO         2792    Veneer$$Code        anon$$obj.o
    0x20004744   0x0000000c   Ven    RO         2793    Veneer$$Code        anon$$obj.o
    0x20004750   0x0000000c   Ven    RO         2794    Veneer$$Code        anon$$obj.o
    0x2000475c   0x0000000c   Ven    RO         2795    Veneer$$Code        anon$$obj.o
    0x20004768   0x0000000c   Ven    RO         2796    Veneer$$Code        anon$$obj.o
    0x20004774   0x0000000c   Ven    RO         2797    Veneer$$Code        anon$$obj.o
    0x20004780   0x0000000c   Ven    RO         2798    Veneer$$Code        anon$$obj.o
    0x2000478c   0x0000000c   Ven    RO         2799    Veneer$$Code        anon$$obj.o
    0x20004798   0x0000000c   Ven    RO         2800    Veneer$$Code        anon$$obj.o
    0x200047a4   0x0000000c   Ven    RO         2801    Veneer$$Code        anon$$obj.o
    0x200047b0   0x0000000c   Ven    RO         2802    Veneer$$Code        anon$$obj.o
    0x200047bc   0x0000000c   Ven    RO         2803    Veneer$$Code        anon$$obj.o
    0x200047c8   0x0000000c   Ven    RO         2804    Veneer$$Code        anon$$obj.o
    0x200047d4   0x0000000c   Ven    RO         2805    Veneer$$Code        anon$$obj.o
    0x200047e0   0x0000000c   Ven    RO         2806    Veneer$$Code        anon$$obj.o
    0x200047ec   0x0000000c   Ven    RO         2807    Veneer$$Code        anon$$obj.o
    0x200047f8   0x0000000c   Ven    RO         2808    Veneer$$Code        anon$$obj.o
    0x20004804   0x0000000c   Ven    RO         2809    Veneer$$Code        anon$$obj.o
    0x20004810   0x0000000c   Ven    RO         2810    Veneer$$Code        anon$$obj.o
    0x2000481c   0x0000000c   Ven    RO         2811    Veneer$$Code        anon$$obj.o
    0x20004828   0x0000000c   Ven    RO         2812    Veneer$$Code        anon$$obj.o
    0x20004834   0x0000000c   Ven    RO         2813    Veneer$$Code        anon$$obj.o
    0x20004840   0x0000000c   Ven    RO         2814    Veneer$$Code        anon$$obj.o
    0x2000484c   0x0000000c   Ven    RO         2815    Veneer$$Code        anon$$obj.o
    0x20004858   0x0000000c   Ven    RO         2816    Veneer$$Code        anon$$obj.o
    0x20004864   0x0000000c   Ven    RO         2817    Veneer$$Code        anon$$obj.o
    0x20004870   0x0000000e   Code   RO         2679    i.__scatterload_copy  mc_p.l(handlers.o)
    0x2000487e   0x00000002   Code   RO         2680    i.__scatterload_null  mc_p.l(handlers.o)
    0x20004880   0x0000000e   Code   RO         2681    i.__scatterload_zeroinit  mc_p.l(handlers.o)
    0x2000488e   0x00000002   PAD
    0x20004890   0x00000054   Code   RO         2631    i.free              mc_p.l(malloc.o)
    0x200048e4   0x0000006c   Code   RO         2632    i.malloc            mc_p.l(malloc.o)
    0x20004950   0x00000016   Data   RO          451    .constdata          jump_table.o
    0x20004966   0x00000002   PAD
    0x20004968   0x00000004   Data   RO          737    .constdata          arch_patch.o
    0x2000496c   0x00000010   Data   RO          738    .constdata          arch_patch.o
    0x2000497c   0x00000008   Data   RO          739    .constdata          arch_patch.o
    0x20004984   0x00000070   Data   RO          740    .constdata          arch_patch.o
    0x200049f4   0x00000030   Data   RO          798    .constdata          atts_task.obj
    0x20004a24   0x00000028   Data   RO          799    .constdata          atts_task.obj
    0x20004a4c   0x00000008   Data   RO          800    .constdata          atts_task.obj
    0x20004a54   0x00000010   Data   RO          801    .constdata          atts_task.obj
    0x20004a64   0x00000048   Data   RO          821    .constdata          llc.obj
    0x20004aac   0x00000010   Data   RO          822    .constdata          llc.obj
    0x20004abc   0x000000b0   Data   RO          823    .constdata          llc.obj
    0x20004b6c   0x00000008   Data   RO          824    .constdata          llc.obj
    0x20004b74   0x00000010   Data   RO          825    .constdata          llc.obj
    0x20004b84   0x00000018   Data   RO          832    .constdata          gapc_task.obj
    0x20004b9c   0x00000008   Data   RO          833    .constdata          gapc_task.obj
    0x20004ba4   0x00000010   Data   RO          834    .constdata          gapc_task.obj
    0x20004bb4   0x00000008   Data   RO          864    .constdata          gpio.o
    0x20004bbc   0x00000010   Data   RO         1699    .constdata          custs1.o
    0x20004bcc   0x00000008   Data   RO         1722    .constdata          custs1_task.o
    0x20004bd4   0x00000008   Data   RO         1723    .constdata          custs1_task.o
    0x20004bdc   0x00000028   Data   RO         1724    .constdata          custs1_task.o
    0x20004c04   0x00000008   Data   RO         1725    .constdata          custs1_task.o
    0x20004c0c   0x00000018   Data   RO         1726    .constdata          custs1_task.o
    0x20004c24   0x00000008   Data   RO         1727    .constdata          custs1_task.o
    0x20004c2c   0x0000005c   Data   RO         1854    .constdata          app.o
    0x20004c88   0x0000003c   Data   RO         2000    .constdata          app_task.o
    0x20004cc4   0x00000008   Data   RO         2001    .constdata          app_task.o
    0x20004ccc   0x00000008   Data   RO         2002    .constdata          app_task.o
    0x20004cd4   0x00000010   Data   RO         2144    .constdata          app_entry_point.o
    0x20004ce4   0x00000010   Data   RO         2446    .constdata          app_customs_task.o
    0x20004cf4   0x00000038   Data   RO         2471    .constdata          user_custs_config.o
    0x20004d2c   0x00000019   Data   RO         2484    .conststring        user_custs1_def.o
    0x20004d45   0x00000003   PAD
    0x20004d48   0x00000030   Data   RO         2677    Region$$Table       anon$$obj.o
    0x20004d78   0x00000004   Data   RW          615    .data               arch_system.o
    0x20004d7c   0x00000010   Data   RW         2485    .data               user_custs1_def.o
    0x20004d8c   0x00000010   Data   RW         2486    .data               user_custs1_def.o
    0x20004d9c   0x00000010   Data   RW         2487    .data               user_custs1_def.o
    0x20004dac   0x00000010   Data   RW         2488    .data               user_custs1_def.o
    0x20004dbc   0x00000013   Data   RW         2489    .data               user_custs1_def.o
    0x20004dcf   0x00000013   Data   RW         2490    .data               user_custs1_def.o
    0x20004de2   0x00000013   Data   RW         2491    .data               user_custs1_def.o
    0x20004df5   0x00000001   PAD
    0x20004df6   0x00000002   Data   RW         2492    .data               user_custs1_def.o
    0x20004df8   0x00000002   Data   RW         2493    .data               user_custs1_def.o
    0x20004dfa   0x00000002   Data   RW         2494    .data               user_custs1_def.o
    0x20004dfc   0x00000002   Data   RW         2495    .data               user_custs1_def.o
    0x20004dfe   0x00000002   PAD
    0x20004e00   0x000000c0   Data   RW         2496    .data               user_custs1_def.o
    0x20004ec0   0x00000004   Data   RW         2673    .data               mc_p.l(mvars.o)
    0x20004ec4   0x00000004   Data   RW         2674    .data               mc_p.l(mvars.o)


    Execution Region RW_IRAM50 (Base: 0x20008000, Size: 0x00000128, Max: 0x00000bf4, ABSOLUTE)

    Base Addr    Size         Type   Attr      Idx    E Section Name        Object

    0x20008000   0x00000006   Zero   RW          264    retention_mem_area0  nvds.o
    0x20008006   0x00000001   Zero   RW          285    retention_mem_area0  arch_main.o
    0x20008007   0x00000004   Zero   RW          556    retention_mem_area0  arch_sleep.o
    0x2000800b   0x00000001   PAD
    0x2000800c   0x00000018   Zero   RW          616    retention_mem_area0  arch_system.o
    0x20008024   0x00000004   PAD
    0x20008028   0x00000008   Zero   RW          806    retention_mem_area0  atts_util.obj
    0x20008030   0x00000018   Zero   RW          826    retention_mem_area0  llc.obj
    0x20008048   0x0000000c   Zero   RW          925    retention_mem_area0  wkupct_quadec.o
    0x20008054   0x0000001c   Zero   RW         1357    retention_mem_area0  uart2.o
    0x20008070   0x00000001   Zero   RW         1408    retention_mem_area0  rf_580.o
    0x20008071   0x00000001   PAD
    0x20008072   0x00000008   Zero   RW         1443    retention_mem_area0  rwble.o
    0x2000807a   0x00000002   PAD
    0x2000807c   0x00000004   Zero   RW         1565    retention_mem_area0  rwip.o
    0x20008080   0x00000004   Zero   RW         1566    retention_mem_area0  rwip.o
    0x20008084   0x0000000e   Zero   RW         1700    retention_mem_area0  custs1.o
    0x20008092   0x00000001   Zero   RW         1728    retention_mem_area0  custs1_task.o
    0x20008093   0x00000001   PAD
    0x20008094   0x00000038   Zero   RW         1857    retention_mem_area0  app.o
    0x200080cc   0x00000001   Zero   RW         2003    retention_mem_area0  app_task.o
    0x200080cd   0x00000003   PAD
    0x200080d0   0x00000050   Zero   RW         2393    retention_mem_area0  app_easy_timer.o
    0x20008120   0x00000006   Zero   RW         2612    retention_mem_area0  user_main.o


    Execution Region RW_IRAM51 (Base: 0x20008bf4, Size: 0x0000040c, Max: 0x0000040c, ABSOLUTE, UNINIT)

    Base Addr    Size         Type   Attr      Idx    E Section Name        Object

    0x20008bf4   0x0000040c   Zero   RW          454    heap_mem_area_not_ret  jump_table.o


    Execution Region RW_IRAM52 (Base: 0x20009000, Size: 0x00000020, Max: 0x00000020, ABSOLUTE)

    Base Addr    Size         Type   Attr      Idx    E Section Name        Object

    0x20009000   0x00000020   Zero   RW            1    RW_IRAM52.bss       anon$$obj.o


    Execution Region RW_IRAM53 (Base: 0x20009020, Size: 0x000001c8, Max: 0x000001e0, ABSOLUTE)

    Base Addr    Size         Type   Attr      Idx    E Section Name        Object

    0x20009020   0x000000bc   Zero   RW          863    .bss                gpio.o
    0x200090dc   0x00000002   Zero   RW         1254    .bss                spi.o
    0x200090de   0x00000004   Zero   RW         2577    .bss                user_custs1_impl.o
    0x200090e2   0x00000003   Zero   RW         2610    .bss                user_main.o
    0x200090e5   0x00000003   PAD
    0x200090e8   0x00000100   Zero   RW          200    HEAP                boot_vectors.o


    Execution Region RW_IRAM54 (Base: 0x20009200, Size: 0x00000600, Max: 0x00000600, ABSOLUTE, UNINIT)

    Base Addr    Size         Type   Attr      Idx    E Section Name        Object

    0x20009200   0x00000600   Zero   RW          199    STACK               boot_vectors.o



  Load Region LR_RETENTION_RAM2 (Base: 0x00080768, Size: 0x00000000, Max: 0x00002898, ABSOLUTE)

    Execution Region ZI_RET20 (Base: 0x00080768, Size: 0x00000a8c, Max: 0x000022b8, ABSOLUTE, UNINIT)

    Base Addr    Size         Type   Attr      Idx    E Section Name        Object

    0x00080768   0x0000040c   Zero   RW          452    heap_db_area        jump_table.o
    0x00080b74   0x00000154   Zero   RW          453    heap_env_area       jump_table.o
    0x00080cc8   0x0000052c   Zero   RW          455    heap_msg_area       jump_table.o


    Execution Region ZI_RET21 (Base: 0x00082a20, Size: 0x000005e0, Max: 0x000005e0, ABSOLUTE)

    Base Addr    Size         Type   Attr      Idx    E Section Name        Object

    0x00082a20   0x000005de   Zero   RW          284    BLE_exchange_memory  arch_main.o


==============================================================================

Image component sizes


      Code (inc. data)   RO Data    RW Data    ZI Data      Debug   Object Name

       208         14          0          0          0       1883   adc.o
      1100         26         92          0         56      18280   app.o
       108          8          0          0          0       1649   app_customs.o
        72          6         16          0          0       2125   app_customs_task.o
        72          4          0          0          0       2510   app_default_handlers.o
       484         26          0          0         80       5577   app_easy_timer.o
       136         10         16          0          0       3491   app_entry_point.o
        38          0          0          0          0       1199   app_msg_utils.o
       388         14         76          0          1      10800   app_task.o
       472         42          0          0       1503      16896   arch_main.o
       528         54        140          0          0      22462   arch_patch.o
       172         18          0          0          4       3709   arch_sleep.o
       812         70          0          4         24     102277   arch_system.o
       280          6          0          0          0       2081   attm_db_128.o
       288         32        112          0          0        144   atts_task.obj
       192          8          0          0          8        108   atts_util.obj
       108         22        160          0       1792        708   boot_vectors.o
       196         12          0          0          0        108   ch_map.obj
       176          4          0          0          0       2372   custom_common.o
        84         14         16          0         14       4069   custs1.o
       892         16         96          0          1       7393   custs1_task.o
       352         24         48          0          0        212   gapc_task.obj
         0          0        100          0          0       1040   gapm.o
       384         38          0          0          0        112   gapm_util.obj
       560         20          8          0        188      11523   gpio.o
       104         12          0          0          0       2844   hardfault_handler.o
         2          0        374          0       3736      15179   jump_table.o
       208         16          0          0          0         96   ke_task.obj
      1236         42        288          0         24        520   llc.obj
       144         10          0          0          0         76   llc_con_update_ind.obj
       156         16          0          0          0       6431   nmi_handler.o
       184         28        164          0          6       2156   nvds.o
       228         12          0          0          0       2793   prf_utils.o
       760        178          0          0          1      65233   rf_580.o
       928         70          0          0          8     115468   rwble.o
       424         38          0          0          8      64794   rwip.o
       348         24          0          0          0        160   smpc.obj
       532          4          0          0          0         84   smpc_task.obj
       256         10          0          0          2       2243   spi.o
       204          0          0          0          0       1650   spi_adxl.o
         0          0          0          0          0        980   spi_flash.o
        44          0          0          0          0        637   syscntl.o
        80         18          0          0          0     199323   system_armcm0.o
       444         32          0          0          0       3235   trng.o
       220          8          0          0         28      16488   uart2.o
         0          0         25        321          0       1108   user_custs1_def.o
       268         20          0          0          4       2382   user_custs1_impl.o
         0          0         56          0          0        697   user_custs_config.o
       436         32          0          0          9       5120   user_main.o
       372         16          0          0          0       1476   user_periph_setup.o
       120         14          0          0         12       6196   wkupct_quadec.o

    ----------------------------------------------------------------------
     17400       1620       1840        328       7560     740097   Object Totals
      1596        532         48          0         32          0   (incl. Generated)
         4          0          5          3         19          0   (incl. Padding)

    ----------------------------------------------------------------------

      Code (inc. data)   RO Data    RW Data    ZI Data      Debug   Library Member Name

         0          0          0          0          0          0   entry.o
         0          0          0          0          0          0   entry10a.o
         0          0          0          0          0          0   entry11a.o
         8          4          0          0          0          0   entry2.o
         4          0          0          0          0          0   entry5.o
         0          0          0          0          0          0   entry7b.o
         0          0          0          0          0          0   entry8b.o
         8          4          0          0          0          0   entry9a.o
        30          0          0          0          0          0   handlers.o
        36          8          0          0          0         68   init.o
       192         20          0          0          0        144   malloc.o
         0          0          0          8          0          0   mvars.o

    ----------------------------------------------------------------------
       280         36          0          8          0        212   Library Totals
         2          0          0          0          0          0   (incl. Padding)

    ----------------------------------------------------------------------

      Code (inc. data)   RO Data    RW Data    ZI Data      Debug   Library Name

       278         36          0          8          0        212   mc_p.l

    ----------------------------------------------------------------------
       280         36          0          8          0        212   Library Totals

    ----------------------------------------------------------------------

==============================================================================


      Code (inc. data)   RO Data    RW Data    ZI Data      Debug   

     17680       1656       1840        336       7560     737601   Grand Totals
     17680       1656       1840        336       7560     737601   ELF Image Totals
     17680       1656       1840        336          0          0   ROM Totals

==============================================================================

    Total RO  Size (Code + RO Data)                19520 (  19.06kB)
    Total RW  Size (RW Data + ZI Data)              7896 (   7.71kB)
    Total ROM Size (Code + RO Data + RW Data)      19856 (  19.39kB)

==============================================================================

